Component: ARM Compiler 5.06 update 6 (build 750) Tool: armlink [4d35ed]

==============================================================================

Section Cross References

    priority_in.o(i.P1) refers to led_mcb1700.o(i.LED_On) for LED_On
    priority_in.o(i.P1) refers to priority_in.o(i.delay) for delay
    priority_in.o(i.P1) refers to rt_cmsis.o(i.osSignalSet) for osSignalSet
    priority_in.o(i.P1) refers to rt_cmsis.o(i.osSignalWait) for osSignalWait
    priority_in.o(i.P1) refers to led_mcb1700.o(i.LED_Off) for LED_Off
    priority_in.o(i.P1) refers to priority_in.o(.data) for t_P3
    priority_in.o(i.P2) refers to printf1.o(i.__0printf$1) for __2printf
    priority_in.o(i.P2) refers to rt_cmsis.o(i.osThreadSetPriority) for osThreadSetPriority
    priority_in.o(i.P2) refers to rt_cmsis.o(i.osMutexWait) for osMutexWait
    priority_in.o(i.P2) refers to rt_cmsis.o(i.osSemaphoreWait) for osSemaphoreWait
    priority_in.o(i.P2) refers to led_mcb1700.o(i.LED_On) for LED_On
    priority_in.o(i.P2) refers to led_mcb1700.o(i.LED_Off) for LED_Off
    priority_in.o(i.P2) refers to rt_cmsis.o(i.osMutexRelease) for osMutexRelease
    priority_in.o(i.P2) refers to rt_cmsis.o(i.osSemaphoreRelease) for osSemaphoreRelease
    priority_in.o(i.P2) refers to priority_in.o(.data) for semaphore
    priority_in.o(i.P3) refers to joystick_mcb1700.o(i.Joystick_GetState) for Joystick_GetState
    priority_in.o(i.P3) refers to printf1.o(i.__0printf$1) for __2printf
    priority_in.o(i.P3) refers to rt_cmsis.o(i.osMutexWait) for osMutexWait
    priority_in.o(i.P3) refers to priority_in.o(i.delay) for delay
    priority_in.o(i.P3) refers to rt_cmsis.o(i.osSignalWait) for osSignalWait
    priority_in.o(i.P3) refers to led_mcb1700.o(i.LED_Off) for LED_Off
    priority_in.o(i.P3) refers to rt_cmsis.o(i.osSignalSet) for osSignalSet
    priority_in.o(i.P3) refers to rt_cmsis.o(i.osSemaphoreWait) for osSemaphoreWait
    priority_in.o(i.P3) refers to rt_cmsis.o(i.osThreadSetPriority) for osThreadSetPriority
    priority_in.o(i.P3) refers to priority_in.o(.data) for mid_Thread_Mutex
    priority_in.o(i.main) refers to rt_cmsis.o(i.osKernelInitialize) for osKernelInitialize
    priority_in.o(i.main) refers to led_mcb1700.o(i.LED_Initialize) for LED_Initialize
    priority_in.o(i.main) refers to rt_cmsis.o(i.osThreadGetId) for osThreadGetId
    priority_in.o(i.main) refers to rt_cmsis.o(i.osThreadSetPriority) for osThreadSetPriority
    priority_in.o(i.main) refers to rt_cmsis.o(i.osMutexCreate) for osMutexCreate
    priority_in.o(i.main) refers to printf1.o(i.__0printf$1) for __2printf
    priority_in.o(i.main) refers to rt_cmsis.o(i.osSemaphoreCreate) for osSemaphoreCreate
    priority_in.o(i.main) refers to rt_cmsis.o(i.osThreadCreate) for osThreadCreate
    priority_in.o(i.main) refers to rt_cmsis.o(i.osDelay) for osDelay
    priority_in.o(i.main) refers to rt_cmsis.o(i.osThreadTerminate) for osThreadTerminate
    priority_in.o(i.main) refers to rt_cmsis.o(i.osKernelStart) for osKernelStart
    priority_in.o(i.main) refers to priority_in.o(.data) for t_main
    priority_in.o(i.main) refers to priority_in.o(.constdata) for os_mutex_def_SampleMutex
    priority_in.o(.constdata) refers to priority_in.o(i.P1) for P1
    priority_in.o(.constdata) refers to priority_in.o(i.P2) for P2
    priority_in.o(.constdata) refers to priority_in.o(i.P3) for P3
    priority_in.o(.constdata) refers to priority_in.o(.bss) for os_mutex_cb_SampleMutex
    priority_in.o(.constdata) refers to priority_in.o(.data) for os_semaphore_cb_SampleSemaphore
    joystick_mcb1700.o(i.Joystick_GetState) refers to gpio_lpc17xx.o(i.GPIO_PinRead) for GPIO_PinRead
    joystick_mcb1700.o(i.Joystick_GetState) refers to joystick_mcb1700.o(.constdata) for JOYSTICK_PIN
    joystick_mcb1700.o(i.Joystick_Initialize) refers to gpio_lpc17xx.o(i.GPIO_PortClock) for GPIO_PortClock
    joystick_mcb1700.o(i.Joystick_Initialize) refers to pin_lpc17xx.o(i.PIN_Configure) for PIN_Configure
    joystick_mcb1700.o(i.Joystick_Initialize) refers to gpio_lpc17xx.o(i.GPIO_SetDir) for GPIO_SetDir
    joystick_mcb1700.o(i.Joystick_Initialize) refers to joystick_mcb1700.o(.constdata) for JOYSTICK_PIN
    joystick_mcb1700.o(i.Joystick_Uninitialize) refers to pin_lpc17xx.o(i.PIN_Configure) for PIN_Configure
    joystick_mcb1700.o(i.Joystick_Uninitialize) refers to joystick_mcb1700.o(.constdata) for JOYSTICK_PIN
    led_mcb1700.o(i.LED_Initialize) refers to gpio_lpc17xx.o(i.GPIO_PortClock) for GPIO_PortClock
    led_mcb1700.o(i.LED_Initialize) refers to pin_lpc17xx.o(i.PIN_Configure) for PIN_Configure
    led_mcb1700.o(i.LED_Initialize) refers to gpio_lpc17xx.o(i.GPIO_SetDir) for GPIO_SetDir
    led_mcb1700.o(i.LED_Initialize) refers to gpio_lpc17xx.o(i.GPIO_PinWrite) for GPIO_PinWrite
    led_mcb1700.o(i.LED_Initialize) refers to led_mcb1700.o(.constdata) for LED_PIN
[...]
    printf8.o(i.__0sprintf$8) refers to printf8.o(i._sputc) for _sputc
    printf8.o(i.__0vfprintf$8) refers to printf8.o(i._printf_core) for _printf_core
    printf8.o(i.__0vfprintf$8) refers to retarget_io.o(i.fputc) for fputc
    printf8.o(i.__0vprintf$8) refers to printf8.o(i._printf_core) for _printf_core
    printf8.o(i.__0vprintf$8) refers to retarget_io.o(i.fputc) for fputc
    printf8.o(i.__0vprintf$8) refers to stdout.o(.data) for __stdout
    printf8.o(i.__0vsnprintf$8) refers to printf8.o(i._printf_core) for _printf_core
    printf8.o(i.__0vsnprintf$8) refers to printf8.o(i._snputc) for _snputc
    printf8.o(i.__0vsprintf$8) refers to printf8.o(i._printf_core) for _printf_core
    printf8.o(i.__0vsprintf$8) refers to printf8.o(i._sputc) for _sputc
    printf8.o(i._printf_core) refers to printf8.o(i._printf_pre_padding) for _printf_pre_padding
    printf8.o(i._printf_core) refers to uldiv.o(.text) for __aeabi_uldivmod
    printf8.o(i._printf_core) refers to printf8.o(i._printf_post_padding) for _printf_post_padding
    printfa.o(i.__0fprintf) refers (Special) to iusefp.o(.text) for __I$use$fp
    printfa.o(i.__0fprintf) refers to printfa.o(i._printf_core) for _printf_core
    printfa.o(i.__0fprintf) refers to retarget_io.o(i.fputc) for fputc
    printfa.o(i.__0printf) refers (Special) to iusefp.o(.text) for __I$use$fp
    printfa.o(i.__0printf) refers to printfa.o(i._printf_core) for _printf_core
    printfa.o(i.__0printf) refers to retarget_io.o(i.fputc) for fputc
    printfa.o(i.__0printf) refers to stdout.o(.data) for __stdout
    printfa.o(i.__0snprintf) refers (Special) to iusefp.o(.text) for __I$use$fp
    printfa.o(i.__0snprintf) refers to printfa.o(i._printf_core) for _printf_core
    printfa.o(i.__0snprintf) refers to printfa.o(i._snputc) for _snputc
    printfa.o(i.__0sprintf) refers (Special) to iusefp.o(.text) for __I$use$fp
    printfa.o(i.__0sprintf) refers to printfa.o(i._printf_core) for _printf_core
    printfa.o(i.__0sprintf) refers to printfa.o(i._sputc) for _sputc
    printfa.o(i.__0vfprintf) refers (Special) to iusefp.o(.text) for __I$use$fp
    printfa.o(i.__0vfprintf) refers to printfa.o(i._printf_core) for _printf_core
    printfa.o(i.__0vfprintf) refers to retarget_io.o(i.fputc) for fputc
    printfa.o(i.__0vprintf) refers (Special) to iusefp.o(.text) for __I$use$fp
    printfa.o(i.__0vprintf) refers to printfa.o(i._printf_core) for _printf_core
    printfa.o(i.__0vprintf) refers to retarget_io.o(i.fputc) for fputc
    printfa.o(i.__0vprintf) refers to stdout.o(.data) for __stdout
    printfa.o(i.__0vsnprintf) refers (Special) to iusefp.o(.text) for __I$use$fp
    printfa.o(i.__0vsnprintf) refers to printfa.o(i._printf_core) for _printf_core
    printfa.o(i.__0vsnprintf) refers to printfa.o(i._snputc) for _snputc
    printfa.o(i.__0vsprintf) refers (Special) to iusefp.o(.text) for __I$use$fp
    printfa.o(i.__0vsprintf) refers to printfa.o(i._printf_core) for _printf_core
    printfa.o(i.__0vsprintf) refers to printfa.o(i._sputc) for _sputc
    printfa.o(i._fp_digits) refers (Special) to iusefp.o(.text) for __I$use$fp
    printfa.o(i._fp_digits) refers to dmul.o(.text) for __aeabi_dmul
    printfa.o(i._fp_digits) refers to ddiv.o(.text) for __aeabi_ddiv
    printfa.o(i._fp_digits) refers to cdrcmple.o(.text) for __aeabi_cdrcmple
    printfa.o(i._fp_digits) refers to dadd.o(.text) for __aeabi_dadd
    printfa.o(i._fp_digits) refers to dfixul.o(.text) for __aeabi_d2ulz
    printfa.o(i._fp_digits) refers to uldiv.o(.text) for __aeabi_uldivmod
    printfa.o(i._printf_core) refers (Special) to iusefp.o(.text) for __I$use$fp
    printfa.o(i._printf_core) refers to printfa.o(i._printf_pre_padding) for _printf_pre_padding
    printfa.o(i._printf_core) refers to uldiv.o(.text) for __aeabi_uldivmod
    printfa.o(i._printf_core) refers to printfa.o(i._printf_post_padding) for _printf_post_padding
    printfa.o(i._printf_core) refers to printfa.o(i._fp_digits) for _fp_digits
    printfa.o(i._printf_core) refers to uidiv.o(.text) for __aeabi_uidivmod
    printfa.o(i._printf_post_padding) refers (Special) to iusefp.o(.text) for __I$use$fp
    printfa.o(i._printf_pre_padding) refers (Special) to iusefp.o(.text) for __I$use$fp
    printfa.o(i._snputc) refers (Special) to iusefp.o(.text) for __I$use$fp
    printfa.o(i._sputc) refers (Special) to iusefp.o(.text) for __I$use$fp
    entry2.o(.ARM.Collect$$$$00000001) refers to entry2.o(.ARM.Collect$$$$00002712) for __lit__00000000
    entry2.o(.ARM.Collect$$$$00002712) refers to startup_lpc17xx.o(STACK) for __initial_sp
    entry2.o(__vectab_stack_and_reset_area) refers to startup_lpc17xx.o(STACK) for __initial_sp
    entry2.o(__vectab_stack_and_reset_area) refers to entry.o(.ARM.Collect$$$$00000000) for __main
    entry5.o(.ARM.Collect$$$$00000004) refers to init.o(.text) for __scatterload
    dadd.o(.text) refers to llshl.o(.text) for __aeabi_llsl
    dadd.o(.text) refers to llsshr.o(.text) for __aeabi_lasr
    dadd.o(.text) refers to depilogue.o(.text) for _double_epilogue
    dmul.o(.text) refers to depilogue.o(.text) for _double_epilogue
    ddiv.o(.text) refers to depilogue.o(.text) for _double_round
    dfixul.o(.text) refers to llushr.o(.text) for __aeabi_llsr
    dfixul.o(.text) refers to llshl.o(.text) for __aeabi_llsl
    init.o(.text) refers to entry5.o(.ARM.Collect$$$$00000004) for __main_after_scatterload
    depilogue.o(.text) refers to llshl.o(.text) for __aeabi_llsl
    depilogue.o(.text) refers to llushr.o(.text) for __aeabi_llsr


==============================================================================

Removing Unused input sections from the image.

    Removing joystick_mcb1700.o(.rev16_text), (4 bytes).
    Removing joystick_mcb1700.o(.revsh_text), (4 bytes).
    Removing joystick_mcb1700.o(.rrx_text), (6 bytes).
    Removing joystick_mcb1700.o(i.Joystick_Initialize), (72 bytes).
    Removing joystick_mcb1700.o(i.Joystick_Uninitialize), (48 bytes).
    Removing led_mcb1700.o(.rev16_text), (4 bytes).
    Removing led_mcb1700.o(.revsh_text), (4 bytes).
    Removing led_mcb1700.o(.rrx_text), (6 bytes).
    Removing led_mcb1700.o(i.LED_GetCount), (4 bytes).
    Removing led_mcb1700.o(i.LED_SetOut), (40 bytes).
    Removing led_mcb1700.o(i.LED_Uninitialize), (48 bytes).
    Removing retarget_io.o(i.ITM_ReceiveChar), (36 bytes).
    Removing retarget_io.o(i.__aeabi_assert), (156 bytes).
    Removing retarget_io.o(i.__backspace), (52 bytes).
    Removing retarget_io.o(i.abort), (4 bytes).
    Removing retarget_io.o(i.fgetc), (72 bytes).
    Removing retarget_io.o(i.stdin_getchar), (16 bytes).
    Removing retarget_io.o(.data), (12 bytes).
    Removing gpio_lpc17xx.o(.rev16_text), (4 bytes).
    Removing gpio_lpc17xx.o(.revsh_text), (4 bytes).
    Removing gpio_lpc17xx.o(.rrx_text), (6 bytes).
    Removing gpio_lpc17xx.o(i.GPIO_PortRead), (20 bytes).
    Removing gpio_lpc17xx.o(i.GPIO_PortWrite), (32 bytes).
    Removing pin_lpc17xx.o(.rev16_text), (4 bytes).
    Removing pin_lpc17xx.o(.revsh_text), (4 bytes).
    Removing pin_lpc17xx.o(.rrx_text), (6 bytes).
    Removing pin_lpc17xx.o(i.PIN_ConfigureI2C0Pins), (32 bytes).
    Removing pin_lpc17xx.o(i.PIN_ConfigureTPIU), (40 bytes).
    Removing startup_lpc17xx.o(HEAP), (0 bytes).
    Removing system_lpc17xx.o(.rev16_text), (4 bytes).
    Removing system_lpc17xx.o(.revsh_text), (4 bytes).
    Removing system_lpc17xx.o(.rrx_text), (6 bytes).
    Removing system_lpc17xx.o(i.SystemCoreClockUpdate), (424 bytes).
    Removing system_lpc17xx.o(.data), (4 bytes).
    Removing rt_cmsis.o(.rev16_text), (4 bytes).
    Removing rt_cmsis.o(.revsh_text), (4 bytes).
    Removing rt_cmsis.o(.rrx_text), (6 bytes).
    Removing rt_cmsis.o(i.osKernelRunning), (36 bytes).
    Removing rt_cmsis.o(i.osKernelSysTick), (24 bytes).
    Removing rt_cmsis.o(i.osMailAlloc), (28 bytes).
    Removing rt_cmsis.o(i.osMailCAlloc), (48 bytes).
    Removing rt_cmsis.o(i.osMailCreate), (44 bytes).
    Removing rt_cmsis.o(i.osMailFree), (28 bytes).
    Removing rt_cmsis.o(i.osMailGet), (22 bytes).
    Removing rt_cmsis.o(i.osMailPut), (20 bytes).
    Removing rt_cmsis.o(i.osMessageCreate), (44 bytes).
    Removing rt_cmsis.o(i.osMessagePut), (24 bytes).
    Removing rt_cmsis.o(i.osMutexDelete), (24 bytes).
    Removing rt_cmsis.o(i.osPoolAlloc), (32 bytes).
    Removing rt_cmsis.o(i.osPoolCAlloc), (52 bytes).
    Removing rt_cmsis.o(i.osPoolCreate), (44 bytes).
    Removing rt_cmsis.o(i.osPoolFree), (32 bytes).
    Removing rt_cmsis.o(i.osSemaphoreDelete), (24 bytes).
    Removing rt_cmsis.o(i.osSignalClear), (24 bytes).
    Removing rt_cmsis.o(i.osThreadGetPriority), (24 bytes).
    Removing rt_cmsis.o(i.osThreadYield), (24 bytes).
    Removing rt_cmsis.o(i.osTimerCreate), (44 bytes).
    Removing rt_cmsis.o(i.osTimerDelete), (24 bytes).
    Removing rt_cmsis.o(i.osTimerStart), (24 bytes).
    Removing rt_cmsis.o(i.osTimerStop), (24 bytes).
    Removing rt_cmsis.o(i.osWait), (4 bytes).
    Removing rt_cmsis.o(i.os_resume), (12 bytes).
    Removing rt_cmsis.o(i.os_suspend), (12 bytes).
    Removing rt_cmsis.o(i.rt_clr_box), (24 bytes).
    Removing rt_cmsis.o(i.rt_timer_remove), (60 bytes).
    Removing rt_cmsis.o(i.svcKernelRunning), (12 bytes).
    Removing rt_cmsis.o(i.svcKernelSysTick), (56 bytes).
    Removing rt_cmsis.o(i.svcMailCreate), (66 bytes).
    Removing rt_cmsis.o(i.svcMessagePut), (54 bytes).
    Removing rt_cmsis.o(i.svcMutexDelete), (26 bytes).
    Removing rt_cmsis.o(i.svcPoolCreate), (40 bytes).
    Removing rt_cmsis.o(i.svcSemaphoreDelete), (26 bytes).
    Removing rt_cmsis.o(i.svcSignalClear), (36 bytes).
    Removing rt_cmsis.o(i.svcThreadGetPriority), (18 bytes).
    Removing rt_cmsis.o(i.svcThreadYield), (10 bytes).
    Removing rt_cmsis.o(i.svcTimerCreate), (56 bytes).
    Removing rt_cmsis.o(i.svcTimerDelete), (40 bytes).
    Removing rt_cmsis.o(i.svcTimerStart), (100 bytes).
    Removing rt_cmsis.o(i.svcTimerStop), (36 bytes).
    Removing rt_cmsis.o(i.sysMailAlloc), (88 bytes).
    Removing rt_cmsis.o(i.sysMailFree), (96 bytes).
    Removing rt_cmsis.o(i.sysPoolAlloc), (10 bytes).
    Removing rt_cmsis.o(i.sysPoolFree), (20 bytes).
    Removing rt_cmsis.o(i.sysUserTimerUpdate), (48 bytes).
    Removing rt_cmsis.o(i.sysUserTimerWakeupTime), (20 bytes).
    Removing rt_task.o(i.rt_tsk_pass), (48 bytes).
    Removing rt_system.o(.emb_text), (0 bytes).
    Removing rt_system.o(i.os_tick_ovf), (16 bytes).
    Removing rt_system.o(i.os_tick_val), (20 bytes).
    Removing rt_system.o(i.rt_resume), (136 bytes).
    Removing rt_system.o(i.rt_suspend), (36 bytes).
    Removing rt_system.o(i.rt_tsk_lock), (80 bytes).
    Removing rt_system.o(i.rt_tsk_unlock), (80 bytes).
    Removing rt_event.o(i.rt_evt_clr), (28 bytes).
    Removing rt_event.o(i.rt_evt_get), (12 bytes).
    Removing rt_list.o(i.rt_get_same_rdy_prio), (36 bytes).
    Removing rt_mailbox.o(i.rt_mbx_send), (152 bytes).
    Removing rt_semaphore.o(i.rt_sem_delete), (92 bytes).
    Removing rt_time.o(i.rt_itv_set), (24 bytes).
    Removing rt_time.o(i.rt_itv_wait), (40 bytes).
    Removing rt_time.o(i.rt_time_get), (12 bytes).
    Removing rt_mutex.o(i.rt_mut_delete), (176 bytes).
    Removing rt_membox.o(i._calloc_box), (30 bytes).
    Removing dadd.o(.text), (334 bytes).
    Removing dmul.o(.text), (228 bytes).
    Removing ddiv.o(.text), (222 bytes).
    Removing dfixul.o(.text), (48 bytes).
    Removing cdrcmple.o(.text), (48 bytes).
    Removing depilogue.o(.text), (186 bytes).

109 unused section(s) (total 4964 bytes) removed from the image.

==============================================================================

Image Symbol Table

    Local Symbols

    Symbol Name                              Value     Ov Type        Size  Object(Section)

    RESET                                    0x00000000   Section      204  startup_lpc17xx.o(RESET)
    ../clib/microlib/division.c              0x00000000   Number         0  uldiv.o ABSOLUTE
    ../clib/microlib/division.c              0x00000000   Number         0  uidiv.o ABSOLUTE
    ../clib/microlib/init/entry.s            0x00000000   Number         0  entry7b.o ABSOLUTE
    ../clib/microlib/init/entry.s            0x00000000   Number         0  entry7a.o ABSOLUTE
    ../clib/microlib/init/entry.s            0x00000000   Number         0  entry8b.o ABSOLUTE
    ../clib/microlib/init/entry.s            0x00000000   Number         0  entry5.o ABSOLUTE
    ../clib/microlib/init/entry.s            0x00000000   Number         0  entry10a.o ABSOLUTE
    ../clib/microlib/init/entry.s            0x00000000   Number         0  entry8a.o ABSOLUTE
    ../clib/microlib/init/entry.s            0x00000000   Number         0  entry2.o ABSOLUTE
    ../clib/microlib/init/entry.s            0x00000000   Number         0  entry10b.o ABSOLUTE
    ../clib/microlib/init/entry.s            0x00000000   Number         0  entry11a.o ABSOLUTE
    ../clib/microlib/init/entry.s            0x00000000   Number         0  entry11b.o ABSOLUTE
    ../clib/microlib/init/entry.s            0x00000000   Number         0  entry.o ABSOLUTE
    ../clib/microlib/longlong.c              0x00000000   Number         0  llsshr.o ABSOLUTE
    ../clib/microlib/longlong.c              0x00000000   Number         0  llushr.o ABSOLUTE
    ../clib/microlib/longlong.c              0x00000000   Number         0  llshl.o ABSOLUTE
    ../clib/microlib/printf/printf.c         0x00000000   Number         0  printfa.o ABSOLUTE
    ../clib/microlib/printf/printf.c         0x00000000   Number         0  printf7.o ABSOLUTE
    ../clib/microlib/printf/printf.c         0x00000000   Number         0  printf6.o ABSOLUTE
    ../clib/microlib/printf/printf.c         0x00000000   Number         0  printf5.o ABSOLUTE
    ../clib/microlib/printf/printf.c         0x00000000   Number         0  printf4.o ABSOLUTE
    ../clib/microlib/printf/printf.c         0x00000000   Number         0  printf3.o ABSOLUTE
    ../clib/microlib/printf/printf.c         0x00000000   Number         0  printf1.o ABSOLUTE
    ../clib/microlib/printf/printf.c         0x00000000   Number         0  printf0.o ABSOLUTE
    ../clib/microlib/printf/printf.c         0x00000000   Number         0  printf8.o ABSOLUTE
    ../clib/microlib/printf/printf.c         0x00000000   Number         0  printfb.o ABSOLUTE
    ../clib/microlib/printf/printf.c         0x00000000   Number         0  printf2.o ABSOLUTE
    ../clib/microlib/printf/stubs.s          0x00000000   Number         0  stubs.o ABSOLUTE
    ../clib/microlib/stdio/fputs.c           0x00000000   Number         0  fputs_e.o ABSOLUTE
    ../clib/microlib/stdio/fputs.c           0x00000000   Number         0  fputs.o ABSOLUTE
    ../clib/microlib/stdio/streams.c         0x00000000   Number         0  stdout.o ABSOLUTE
    ../clib/microlib/stdio/streams.c         0x00000000   Number         0  stdin.o ABSOLUTE
    ../clib/microlib/stdio/streams.c         0x00000000   Number         0  stderr.o ABSOLUTE
    ../clib/microlib/stubs.s                 0x00000000   Number         0  iusefp.o ABSOLUTE
    ../fplib/microlib/fpadd.c                0x00000000   Number         0  dadd.o ABSOLUTE
    ../fplib/microlib/fpdiv.c                0x00000000   Number         0  ddiv.o ABSOLUTE
    ../fplib/microlib/fpepilogue.c           0x00000000   Number         0  depilogue.o ABSOLUTE
    ../fplib/microlib/fpfix.c                0x00000000   Number         0  dfixul.o ABSOLUTE
    ../fplib/microlib/fpmul.c                0x00000000   Number         0  dmul.o ABSOLUTE
    ..\HAL_CM.c                              0x00000000   Number         0  hal_cm.o ABSOLUTE
    ..\\rt_CMSIS.c                           0x00000000   Number         0  rt_cmsis.o ABSOLUTE
    ..\\rt_System.c                          0x00000000   Number         0  rt_system.o ABSOLUTE
    ..\rt_CMSIS.c                            0x00000000   Number         0  rt_cmsis.o ABSOLUTE
    ..\rt_Event.c                            0x00000000   Number         0  rt_event.o ABSOLUTE
    ..\rt_List.c                             0x00000000   Number         0  rt_list.o ABSOLUTE
    ..\rt_Mailbox.c                          0x00000000   Number         0  rt_mailbox.o ABSOLUTE
    ..\rt_MemBox.c                           0x00000000   Number         0  rt_membox.o ABSOLUTE
    ..\rt_Memory.c                           0x00000000   Number         0  rt_memory.o ABSOLUTE
    ..\rt_Mutex.c                            0x00000000   Number         0  rt_mutex.o ABSOLUTE
    ..\rt_Robin.c                            0x00000000   Number         0  rt_robin.o ABSOLUTE
    ..\rt_Semaphore.c                        0x00000000   Number         0  rt_semaphore.o ABSOLUTE
    ..\rt_System.c                           0x00000000   Number         0  rt_system.o ABSOLUTE
    ..\rt_Task.c                             0x00000000   Number         0  rt_task.o ABSOLUTE
    ..\rt_Time.c                             0x00000000   Number         0  rt_time.o ABSOLUTE
    C:\Users\gvle\AppData\Local\Arm\Packs\Keil\ARM_Compiler\1.6.3\Source\retarget_io.c 0x00000000   Number         0  retarget_io.o ABSOLUTE
    C:\Users\gvle\AppData\Local\Arm\Packs\Keil\LPC1700_DFP\2.6.0\Boards\Keil\MCB1700\Common\Joystick_MCB1700.c 0x00000000   Number         0  joystick_mcb1700.o ABSOLUTE
    C:\Users\gvle\AppData\Local\Arm\Packs\Keil\LPC1700_DFP\2.6.0\Boards\Keil\MCB1700\Common\LED_MCB1700.c 0x00000000   Number         0  led_mcb1700.o ABSOLUTE
    C:\Users\gvle\AppData\Local\Arm\Packs\Keil\LPC1700_DFP\2.6.0\RTE_Driver\GPIO_LPC17xx.c 0x00000000   Number         0  gpio_lpc17xx.o ABSOLUTE
    C:\Users\gvle\AppData\Local\Arm\Packs\Keil\LPC1700_DFP\2.6.0\RTE_Driver\PIN_LPC17xx.c 0x00000000   Number         0  pin_lpc17xx.o ABSOLUTE
    C:\\Users\\gvle\\AppData\\Local\\Arm\\Packs\\Keil\\LPC1700_DFP\\2.6.0\\Boards\\Keil\\MCB1700\\Common\\Joystick_MCB1700.c 0x00000000   Number         0  joystick_mcb1700.o ABSOLUTE
    C:\\Users\\gvle\\AppData\\Local\\Arm\\Packs\\Keil\\LPC1700_DFP\\2.6.0\\Boards\\Keil\\MCB1700\\Common\\LED_MCB1700.c 0x00000000   Number         0  led_mcb1700.o ABSOLUTE
    C:\\Users\\gvle\\AppData\\Local\\Arm\\Packs\\Keil\\LPC1700_DFP\\2.6.0\\RTE_Driver\\GPIO_LPC17xx.c 0x00000000   Number         0  gpio_lpc17xx.o ABSOLUTE
    C:\\Users\\gvle\\AppData\\Local\\Arm\\Packs\\Keil\\LPC1700_DFP\\2.6.0\\RTE_Driver\\PIN_LPC17xx.c 0x00000000   Number         0  pin_lpc17xx.o ABSOLUTE
    HAL_CM3.c                                0x00000000   Number         0  hal_cm3.o ABSOLUTE
    HAL_CM3.c                                0x00000000   Number         0  hal_cm3.o ABSOLUTE
    RTE\CMSIS\RTX_Conf_CM.c                  0x00000000   Number         0  rtx_conf_cm.o ABSOLUTE
    RTE\Device\LPC1768\startup_LPC17xx.s     0x00000000   Number         0  startup_lpc17xx.o ABSOLUTE
    RTE\Device\LPC1768\system_LPC17xx.c      0x00000000   Number         0  system_lpc17xx.o ABSOLUTE
    RTE\\Device\\LPC1768\\system_LPC17xx.c   0x00000000   Number         0  system_lpc17xx.o ABSOLUTE
    SVC_Table.s                              0x00000000   Number         0  svc_table.o ABSOLUTE
    cdrcmple.s                               0x00000000   Number         0  cdrcmple.o ABSOLUTE
    dc.s                                     0x00000000   Number         0  dc.o ABSOLUTE
    handlers.s                               0x00000000   Number         0  handlers.o ABSOLUTE
    init.s                                   0x00000000   Number         0  init.o ABSOLUTE
    priority_in.c                            0x00000000   Number         0  priority_in.o ABSOLUTE
    .ARM.Collect$$$$00000000                 0x000000cc   Section        0  entry.o(.ARM.Collect$$$$00000000)
    .ARM.Collect$$$$00000001                 0x000000cc   Section        4  entry2.o(.ARM.Collect$$$$00000001)
    .ARM.Collect$$$$00000004                 0x000000d0   Section        4  entry5.o(.ARM.Collect$$$$00000004)
    .ARM.Collect$$$$00000008                 0x000000d4   Section        0  entry7b.o(.ARM.Collect$$$$00000008)
    .ARM.Collect$$$$0000000A                 0x000000d4   Section        0  entry8b.o(.ARM.Collect$$$$0000000A)
    .ARM.Collect$$$$0000000D                 0x000000d4   Section        0  entry10a.o(.ARM.Collect$$$$0000000D)
    .ARM.Collect$$$$0000000F                 0x000000d4   Section        0  entry11a.o(.ARM.Collect$$$$0000000F)
    .ARM.Collect$$$$000000FF                 0x000000d4   Section        0  rtx_conf_cm.o(.ARM.Collect$$$$000000FF)
    .ARM.Collect$$$$00002712                 0x000000ec   Section        4  entry2.o(.ARM.Collect$$$$00002712)
    __lit__00000000                          0x000000ec   Data           4  entry2.o(.ARM.Collect$$$$00002712)
    .emb_text                                0x000000f0   Section      304  hal_cm3.o(.emb_text)
    .text                                    0x00000220   Section       36  startup_lpc17xx.o(.text)
    .text                                    0x00000244   Section        0  uidiv.o(.text)
    .text                                    0x00000270   Section       36  init.o(.text)
    SVC_TABLE                                0x00000294   Section        4  svc_table.o(SVC_TABLE)
    i.GPIO_PinRead                           0x00000298   Section        0  gpio_lpc17xx.o(i.GPIO_PinRead)
    i.GPIO_PinWrite                          0x000002b8   Section        0  gpio_lpc17xx.o(i.GPIO_PinWrite)
    i.__scatterload_copy                     0x000002e0   Section       14  handlers.o(i.__scatterload_copy)
    i.__scatterload_null                     0x000002ee   Section        2  handlers.o(i.__scatterload_null)
    i.osTimerCall                            0x000002f0   Section        0  rt_cmsis.o(i.osTimerCall)
    .ARM.__at_0x02FC                         0x000002fc   Section        4  startup_lpc17xx.o(.ARM.__at_0x02FC)
    i.GPIO_PortClock                         0x00000300   Section        0  gpio_lpc17xx.o(i.GPIO_PortClock)
    i.GPIO_SetDir                            0x0000032c   Section        0  gpio_lpc17xx.o(i.GPIO_SetDir)
    i.ITM_SendChar                           0x00000364   Section        0  retarget_io.o(i.ITM_SendChar)
    i.Joystick_GetState                      0x00000394   Section        0  joystick_mcb1700.o(i.Joystick_GetState)
    i.LED_Initialize                         0x000003f0   Section        0  led_mcb1700.o(i.LED_Initialize)
    i.LED_Off                                0x0000044c   Section        0  led_mcb1700.o(i.LED_Off)
    i.LED_On                                 0x00000478   Section        0  led_mcb1700.o(i.LED_On)
    i.P1                                     0x000004a4   Section        0  priority_in.o(i.P1)
    i.P2                                     0x000004dc   Section        0  priority_in.o(i.P2)
    i.P3                                     0x0000057c   Section        0  priority_in.o(i.P3)
    i.PIN_Configure                          0x000006ec   Section        0  pin_lpc17xx.o(i.PIN_Configure)
    i.SystemInit                             0x000007e8   Section        0  system_lpc17xx.o(i.SystemInit)
    i.__0printf$1                            0x00000928   Section        0  printf1.o(i.__0printf$1)
    i.__scatterload_zeroinit                 0x00000948   Section       14  handlers.o(i.__scatterload_zeroinit)
    i._init_box                              0x00000956   Section        0  rt_membox.o(i._init_box)
    i._printf_core                           0x0000099c   Section        0  printf1.o(i._printf_core)
    _printf_core                             0x0000099d   Thumb Code   336  printf1.o(i._printf_core)
    i.dbg_init                               0x00000af0   Section        0  hal_cm.o(i.dbg_init)
    i.dbg_task_notify                        0x00000b20   Section        0  hal_cm.o(i.dbg_task_notify)
    i.dbg_task_switch                        0x00000b40   Section        0  hal_cm.o(i.dbg_task_switch)
    i.delay                                  0x00000b50   Section        0  priority_in.o(i.delay)
    i.fputc                                  0x00000b68   Section        0  retarget_io.o(i.fputc)
    i.isrMessageGet                          0x00000b98   Section        0  rt_cmsis.o(i.isrMessageGet)
    i.isrMessagePut                          0x00000bc2   Section        0  rt_cmsis.o(i.isrMessagePut)
    i.isrSemaphoreRelease                    0x00000bee   Section        0  rt_cmsis.o(i.isrSemaphoreRelease)
    i.isrSignalSet                           0x00000c16   Section        0  rt_cmsis.o(i.isrSignalSet)
    i.isr_evt_set                            0x00000c3c   Section        0  rt_event.o(i.isr_evt_set)
    i.isr_mbx_receive                        0x00000c64   Section        0  rt_mailbox.o(i.isr_mbx_receive)
    i.isr_mbx_send                           0x00000cba   Section        0  rt_mailbox.o(i.isr_mbx_send)
    i.isr_sem_send                           0x00000cc8   Section        0  rt_semaphore.o(i.isr_sem_send)
    i.main                                   0x00000cd8   Section        0  priority_in.o(i.main)
    i.osDelay                                0x00000da4   Section        0  rt_cmsis.o(i.osDelay)
    i.osKernelInitialize                     0x00000dbc   Section        0  rt_cmsis.o(i.osKernelInitialize)
    i.osKernelStart                          0x00000de0   Section        0  rt_cmsis.o(i.osKernelStart)
    i.osMessageGet                           0x00000e4c   Section        0  rt_cmsis.o(i.osMessageGet)
    i.osMutexCreate                          0x00000e64   Section        0  rt_cmsis.o(i.osMutexCreate)
    i.osMutexRelease                         0x00000e90   Section        0  rt_cmsis.o(i.osMutexRelease)
    i.osMutexWait                            0x00000ea8   Section        0  rt_cmsis.o(i.osMutexWait)
    i.osSemaphoreCreate                      0x00000ec0   Section        0  rt_cmsis.o(i.osSemaphoreCreate)
    i.osSemaphoreRelease                     0x00000eec   Section        0  rt_cmsis.o(i.osSemaphoreRelease)
    i.osSemaphoreWait                        0x00000f04   Section        0  rt_cmsis.o(i.osSemaphoreWait)
    i.osSignalSet                            0x00000f1c   Section        0  rt_cmsis.o(i.osSignalSet)
    i.osSignalWait                           0x00000f34   Section        0  rt_cmsis.o(i.osSignalWait)
    i.osThreadCreate                         0x00000f4c   Section        0  rt_cmsis.o(i.osThreadCreate)
    i.osThreadExit                           0x00000f78   Section        0  rt_cmsis.o(i.osThreadExit)
    i.osThreadGetId                          0x00000f90   Section        0  rt_cmsis.o(i.osThreadGetId)
    i.osThreadSetPriority                    0x00000fa8   Section        0  rt_cmsis.o(i.osThreadSetPriority)
    i.osThreadTerminate                      0x00000fc0   Section        0  rt_cmsis.o(i.osThreadTerminate)
    i.osTimerThread                          0x00000fd8   Section        0  rt_cmsis.o(i.osTimerThread)
    i.os_error                               0x00001004   Section        0  rtx_conf_cm.o(i.os_error)
    i.os_idle_demon                          0x00001026   Section        0  rtx_conf_cm.o(i.os_idle_demon)
    i.os_tick_init                           0x0000102c   Section        0  rt_system.o(i.os_tick_init)
    i.os_tick_irqack                         0x00001054   Section        0  rt_system.o(i.os_tick_irqack)
    i.rt_alloc_box                           0x00001056   Section        0  rt_membox.o(i.rt_alloc_box)
    i.rt_alloc_mem                           0x00001070   Section        0  rt_memory.o(i.rt_alloc_mem)
    i.rt_block                               0x000010b0   Section        0  rt_task.o(i.rt_block)
    i.rt_chk_robin                           0x000010e8   Section        0  rt_robin.o(i.rt_chk_robin)
    i.rt_dec_dly                             0x00001130   Section        0  rt_list.o(i.rt_dec_dly)
    i.rt_dispatch                            0x000011a0   Section        0  rt_task.o(i.rt_dispatch)
    i.rt_dly_wait                            0x000011e4   Section        0  rt_time.o(i.rt_dly_wait)
    i.rt_evt_psh                             0x000011ec   Section        0  rt_event.o(i.rt_evt_psh)
    i.rt_evt_set                             0x0000123c   Section        0  rt_event.o(i.rt_evt_set)
    i.rt_evt_wait                            0x00001298   Section        0  rt_event.o(i.rt_evt_wait)
    i.rt_free_box                            0x000012d4   Section        0  rt_membox.o(i.rt_free_box)
    i.rt_free_mem                            0x00001300   Section        0  rt_memory.o(i.rt_free_mem)
    i.rt_get_first                           0x00001328   Section        0  rt_list.o(i.rt_get_first)
    i.rt_id2obj                              0x00001350   Section        0  rt_cmsis.o(i.rt_id2obj)
    rt_id2obj                                0x00001351   Thumb Code     8  rt_cmsis.o(i.rt_id2obj)
    i.rt_init_context                        0x00001358   Section        0  rt_task.o(i.rt_init_context)
    rt_init_context                          0x00001359   Thumb Code    66  rt_task.o(i.rt_init_context)
    i.rt_init_mem                            0x000013a0   Section        0  rt_memory.o(i.rt_init_mem)
    i.rt_init_robin                          0x000013bc   Section        0  rt_robin.o(i.rt_init_robin)
    i.rt_init_stack                          0x000013d4   Section        0  hal_cm.o(i.rt_init_stack)
    i.rt_mbx_check                           0x00001454   Section        0  rt_mailbox.o(i.rt_mbx_check)
    i.rt_mbx_init                            0x0000145c   Section        0  rt_mailbox.o(i.rt_mbx_init)
    i.rt_mbx_psh                             0x00001478   Section        0  rt_mailbox.o(i.rt_mbx_psh)
    i.rt_mbx_wait                            0x00001568   Section        0  rt_mailbox.o(i.rt_mbx_wait)
    i.rt_ms2tick                             0x0000161c   Section        0  rt_cmsis.o(i.rt_ms2tick)
    rt_ms2tick                               0x0000161d   Thumb Code    58  rt_cmsis.o(i.rt_ms2tick)
    i.rt_mut_init                            0x00001660   Section        0  rt_mutex.o(i.rt_mut_init)
    i.rt_mut_release                         0x00001670   Section        0  rt_mutex.o(i.rt_mut_release)
    i.rt_mut_wait                            0x00001748   Section        0  rt_mutex.o(i.rt_mut_wait)
    i.rt_pop_req                             0x000017c0   Section        0  rt_system.o(i.rt_pop_req)
    i.rt_psh_req                             0x0000183c   Section        0  rt_system.o(i.rt_psh_req)
    i.rt_psq_enq                             0x0000185c   Section        0  rt_list.o(i.rt_psq_enq)
    i.rt_put_dly                             0x000018b8   Section        0  rt_list.o(i.rt_put_dly)
    i.rt_put_prio                            0x00001900   Section        0  rt_list.o(i.rt_put_prio)
    i.rt_put_rdy_first                       0x00001938   Section        0  rt_list.o(i.rt_put_rdy_first)
    i.rt_resort_prio                         0x0000194c   Section        0  rt_list.o(i.rt_resort_prio)
    i.rt_ret_val                             0x00001980   Section        0  hal_cm.o(i.rt_ret_val)
    i.rt_ret_val2                            0x00001986   Section        0  hal_cm.o(i.rt_ret_val2)
    i.rt_rmv_dly                             0x0000198e   Section        0  rt_list.o(i.rt_rmv_dly)
    i.rt_rmv_list                            0x000019b8   Section        0  rt_list.o(i.rt_rmv_list)
    i.rt_sem_init                            0x000019e8   Section        0  rt_semaphore.o(i.rt_sem_init)
    i.rt_sem_psh                             0x000019f4   Section        0  rt_semaphore.o(i.rt_sem_psh)
    i.rt_sem_send                            0x00001a28   Section        0  rt_semaphore.o(i.rt_sem_send)
    i.rt_sem_wait                            0x00001a54   Section        0  rt_semaphore.o(i.rt_sem_wait)
    i.rt_stk_check                           0x00001a94   Section        0  rt_system.o(i.rt_stk_check)
    i.rt_switch_req                          0x00001ab8   Section        0  rt_task.o(i.rt_switch_req)
    i.rt_sys_init                            0x00001ae0   Section        0  rt_task.o(i.rt_sys_init)
    i.rt_sys_start                           0x00001bac   Section        0  rt_task.o(i.rt_sys_start)
    i.rt_systick                             0x00001c24   Section        0  rt_system.o(i.rt_systick)
    i.rt_tid2ptcb                            0x00001c64   Section        0  rt_cmsis.o(i.rt_tid2ptcb)
    rt_tid2ptcb                              0x00001c65   Thumb Code    18  rt_cmsis.o(i.rt_tid2ptcb)
    i.rt_timer_insert                        0x00001c78   Section        0  rt_cmsis.o(i.rt_timer_insert)
    rt_timer_insert                          0x00001c79   Thumb Code    48  rt_cmsis.o(i.rt_timer_insert)
    i.rt_tsk_create                          0x00001cac   Section        0  rt_task.o(i.rt_tsk_create)
    i.rt_tsk_delete                          0x00001d34   Section        0  rt_task.o(i.rt_tsk_delete)
    i.rt_tsk_prio                            0x00001eb0   Section        0  rt_task.o(i.rt_tsk_prio)
    i.rt_tsk_self                            0x00001f2c   Section        0  rt_task.o(i.rt_tsk_self)
    i.stderr_putchar                         0x00001f3c   Section        0  retarget_io.o(i.stderr_putchar)
    stderr_putchar                           0x00001f3d   Thumb Code    12  retarget_io.o(i.stderr_putchar)
    i.stdout_putchar                         0x00001f48   Section        0  retarget_io.o(i.stdout_putchar)
    stdout_putchar                           0x00001f49   Thumb Code    12  retarget_io.o(i.stdout_putchar)
    i.svcDelay                               0x00001f54   Section        0  rt_cmsis.o(i.svcDelay)
    i.svcKernelInitialize                    0x00001f68   Section        0  rt_cmsis.o(i.svcKernelInitialize)
    i.svcKernelStart                         0x00001fd8   Section        0  rt_cmsis.o(i.svcKernelStart)
    i.svcMessageCreate                       0x00002020   Section        0  rt_cmsis.o(i.svcMessageCreate)
    i.svcMessageGet                          0x00002044   Section        0  rt_cmsis.o(i.svcMessageGet)
    i.svcMutexCreate                         0x0000207e   Section        0  rt_cmsis.o(i.svcMutexCreate)
    i.svcMutexRelease                        0x0000209a   Section        0  rt_cmsis.o(i.svcMutexRelease)
    i.svcMutexWait                           0x000020bc   Section        0  rt_cmsis.o(i.svcMutexWait)
    i.svcSemaphoreCreate                     0x000020f6   Section        0  rt_cmsis.o(i.svcSemaphoreCreate)
    i.svcSemaphoreRelease                    0x0000211a   Section        0  rt_cmsis.o(i.svcSemaphoreRelease)
    i.svcSemaphoreWait                       0x00002142   Section        0  rt_cmsis.o(i.svcSemaphoreWait)
    i.svcSignalSet                           0x00002174   Section        0  rt_cmsis.o(i.svcSignalSet)
    i.svcSignalWait                          0x00002198   Section        0  rt_cmsis.o(i.svcSignalWait)
    i.svcThreadCreate                        0x000021ec   Section        0  rt_cmsis.o(i.svcThreadCreate)
    i.svcThreadGetId                         0x00002258   Section        0  rt_cmsis.o(i.svcThreadGetId)
    i.svcThreadSetPriority                   0x00002274   Section        0  rt_cmsis.o(i.svcThreadSetPriority)
    i.svcThreadTerminate                     0x000022a4   Section        0  rt_cmsis.o(i.svcThreadTerminate)
    i.svcTimerCall                           0x000022dc   Section        0  rt_cmsis.o(i.svcTimerCall)
    i.sysTimerTick                           0x000022f4   Section        0  rt_cmsis.o(i.sysTimerTick)
    .constdata                               0x00002350   Section       56  priority_in.o(.constdata)
    .constdata                               0x00002388   Section       10  joystick_mcb1700.o(.constdata)
    JOYSTICK_PIN                             0x00002388   Data          10  joystick_mcb1700.o(.constdata)
    .constdata                               0x00002392   Section       16  led_mcb1700.o(.constdata)
    LED_PIN                                  0x00002392   Data          16  led_mcb1700.o(.constdata)
    .constdata                               0x000023a4   Section      104  rtx_conf_cm.o(.constdata)
    __tagsym$$used                           0x000023c0   Number         0  rtx_conf_cm.o(.constdata)
    __tagsym$$used                           0x000023c4   Number         0  rtx_conf_cm.o(.constdata)
    __tagsym$$used                           0x000023c8   Number         0  rtx_conf_cm.o(.constdata)
    __tagsym$$used                           0x000023cc   Number         0  rtx_conf_cm.o(.constdata)
    .data                                    0x10000000   Section       36  priority_in.o(.data)
    .data                                    0x10000024   Section       16  rtx_conf_cm.o(.data)
    .data                                    0x10000034   Section        8  rt_cmsis.o(.data)
    .data                                    0x1000003c   Section        8  rt_task.o(.data)
    .data                                    0x10000044   Section        8  rt_system.o(.data)
    os_lock                                  0x10000044   Data           1  rt_system.o(.data)
    os_psh_flag                              0x10000045   Data           1  rt_system.o(.data)
    pend_flags                               0x10000046   Data           1  rt_system.o(.data)
    .data                                    0x1000004c   Section        4  rt_time.o(.data)
    .data                                    0x10000050   Section        1  hal_cm.o(.data)
    .data                                    0x10000054   Section        8  rt_robin.o(.data)
    .data                                    0x1000005c   Section        4  stdout.o(.data)
    .data                                    0x10000060   Section        4  stderr.o(.data)
    .bss                                     0x10000064   Section       16  priority_in.o(.bss)
    .bss                                     0x10000078   Section     2216  rtx_conf_cm.o(.bss)
    .bss                                     0x10000920   Section       52  rt_task.o(.bss)
    .bss                                     0x10000954   Section       48  rt_list.o(.bss)
    STACK                                    0x10000988   Section      512  startup_lpc17xx.o(STACK)

    Global Symbols

    Symbol Name                              Value     Ov Type        Size  Object(Section)

    BuildAttributes$$THM_ISAv4$P$D$K$B$S$PE$A:L22UL41UL21$X:L11$S22US41US21$IEEE1$IW$USESV6$~STKCKD$USESV7$~SHL$OSPACE$ROPI$EBA8$MICROLIB$REQ8$PRES8$EABIv2 0x00000000   Number         0  anon$$obj.o ABSOLUTE
    __ARM_use_no_argv                        0x00000000   Number         0  priority_in.o ABSOLUTE
    __Vectors                                0x00000000   Data           4  startup_lpc17xx.o(RESET)
    _printf_a                                0x00000000   Number         0  stubs.o ABSOLUTE
    _printf_c                                0x00000000   Number         0  stubs.o ABSOLUTE
    _printf_charcount                        0x00000000   Number         0  stubs.o ABSOLUTE
    _printf_d                                0x00000000   Number         0  stubs.o ABSOLUTE
    _printf_e                                0x00000000   Number         0  stubs.o ABSOLUTE
    _printf_f                                0x00000000   Number         0  stubs.o ABSOLUTE
    _printf_flags                            0x00000000   Number         0  stubs.o ABSOLUTE
    _printf_fp_dec                           0x00000000   Number         0  stubs.o ABSOLUTE
    _printf_fp_hex                           0x00000000   Number         0  stubs.o ABSOLUTE
    _printf_g                                0x00000000   Number         0  stubs.o ABSOLUTE
    _printf_i                                0x00000000   Number         0  stubs.o ABSOLUTE
    _printf_int_dec                          0x00000000   Number         0  stubs.o ABSOLUTE
    _printf_l                                0x00000000   Number         0  stubs.o ABSOLUTE
    _printf_lc                               0x00000000   Number         0  stubs.o ABSOLUTE
    _printf_ll                               0x00000000   Number         0  stubs.o ABSOLUTE
    _printf_lld                              0x00000000   Number         0  stubs.o ABSOLUTE
    _printf_lli                              0x00000000   Number         0  stubs.o ABSOLUTE
    _printf_llo                              0x00000000   Number         0  stubs.o ABSOLUTE
    _printf_llu                              0x00000000   Number         0  stubs.o ABSOLUTE
    _printf_llx                              0x00000000   Number         0  stubs.o ABSOLUTE
    _printf_longlong_dec                     0x00000000   Number         0  stubs.o ABSOLUTE
    _printf_longlong_hex                     0x00000000   Number         0  stubs.o ABSOLUTE
    _printf_longlong_oct                     0x00000000   Number         0  stubs.o ABSOLUTE
    _printf_ls                               0x00000000   Number         0  stubs.o ABSOLUTE
    _printf_mbtowc                           0x00000000   Number         0  stubs.o ABSOLUTE
    _printf_n                                0x00000000   Number         0  stubs.o ABSOLUTE
    _printf_o                                0x00000000   Number         0  stubs.o ABSOLUTE
    _printf_p                                0x00000000   Number         0  stubs.o ABSOLUTE
    _printf_percent                          0x00000000   Number         0  stubs.o ABSOLUTE
    _printf_pre_padding                      0x00000000   Number         0  stubs.o ABSOLUTE
    _printf_return_value                     0x00000000   Number         0  stubs.o ABSOLUTE
    _printf_s                                0x00000000   Number         0  stubs.o ABSOLUTE
    _printf_sizespec                         0x00000000   Number         0  stubs.o ABSOLUTE
    _printf_str                              0x00000000   Number         0  stubs.o ABSOLUTE
    _printf_truncate_signed                  0x00000000   Number         0  stubs.o ABSOLUTE
    _printf_truncate_unsigned                0x00000000   Number         0  stubs.o ABSOLUTE
    _printf_u                                0x00000000   Number         0  stubs.o ABSOLUTE
    _printf_wc                               0x00000000   Number         0  stubs.o ABSOLUTE
    _printf_wctomb                           0x00000000   Number         0  stubs.o ABSOLUTE
    _printf_widthprec                        0x00000000   Number         0  stubs.o ABSOLUTE
    _printf_x                                0x00000000   Number         0  stubs.o ABSOLUTE
    __cpp_initialize__aeabi_                  - Undefined Weak Reference
    __cxa_finalize                            - Undefined Weak Reference
    __decompress                              - Undefined Weak Reference
    _clock_init                               - Undefined Weak Reference
    _microlib_exit                            - Undefined Weak Reference
    __main                                   0x000000cd   Thumb Code     0  entry.o(.ARM.Collect$$$$00000000)
    _main_stk                                0x000000cd   Thumb Code     0  entry2.o(.ARM.Collect$$$$00000001)
    _main_scatterload                        0x000000d1   Thumb Code     0  entry5.o(.ARM.Collect$$$$00000004)
    __main_after_scatterload                 0x000000d5   Thumb Code     0  entry5.o(.ARM.Collect$$$$00000004)
    __rt_final_cpp                           0x000000d5   Thumb Code     0  entry10a.o(.ARM.Collect$$$$0000000D)
    __rt_final_exit                          0x000000d5   Thumb Code     0  entry11a.o(.ARM.Collect$$$$0000000F)
    _main_clock                              0x000000d5   Thumb Code     0  entry7b.o(.ARM.Collect$$$$00000008)
    _main_cpp_init                           0x000000d5   Thumb Code     0  entry8b.o(.ARM.Collect$$$$0000000A)
    _main_init                               0x000000d5   Thumb Code    18  rtx_conf_cm.o(.ARM.Collect$$$$000000FF)
    rt_set_PSP                               0x000000f1   Thumb Code     6  hal_cm3.o(.emb_text)
    rt_get_PSP                               0x000000f7   Thumb Code     6  hal_cm3.o(.emb_text)
    os_set_env                               0x000000fd   Thumb Code    24  hal_cm3.o(.emb_text)
    _alloc_box                               0x00000119   Thumb Code    28  hal_cm3.o(.emb_text)
    _free_box                                0x00000139   Thumb Code    28  hal_cm3.o(.emb_text)
    SVC_Handler                              0x00000159   Thumb Code   108  hal_cm3.o(.emb_text)
    PendSV_Handler                           0x000001d1   Thumb Code    56  hal_cm3.o(.emb_text)
    SysTick_Handler                          0x0000020d   Thumb Code     8  hal_cm3.o(.emb_text)
    OS_Tick_Handler                          0x00000215   Thumb Code    12  hal_cm3.o(.emb_text)
    Reset_Handler                            0x00000221   Thumb Code     8  startup_lpc17xx.o(.text)
    NMI_Handler                              0x00000229   Thumb Code     2  startup_lpc17xx.o(.text)
    HardFault_Handler                        0x0000022b   Thumb Code     2  startup_lpc17xx.o(.text)
    MemManage_Handler                        0x0000022d   Thumb Code     2  startup_lpc17xx.o(.text)
    BusFault_Handler                         0x0000022f   Thumb Code     2  startup_lpc17xx.o(.text)
    UsageFault_Handler                       0x00000231   Thumb Code     2  startup_lpc17xx.o(.text)
    DebugMon_Handler                         0x00000235   Thumb Code     2  startup_lpc17xx.o(.text)
    ADC_IRQHandler                           0x0000023b   Thumb Code     0  startup_lpc17xx.o(.text)
    BOD_IRQHandler                           0x0000023b   Thumb Code     0  startup_lpc17xx.o(.text)
    CANActivity_IRQHandler                   0x0000023b   Thumb Code     0  startup_lpc17xx.o(.text)
    CAN_IRQHandler                           0x0000023b   Thumb Code     0  startup_lpc17xx.o(.text)
    DMA_IRQHandler                           0x0000023b   Thumb Code     0  startup_lpc17xx.o(.text)
    EINT0_IRQHandler                         0x0000023b   Thumb Code     0  startup_lpc17xx.o(.text)
    EINT1_IRQHandler                         0x0000023b   Thumb Code     0  startup_lpc17xx.o(.text)
    EINT2_IRQHandler                         0x0000023b   Thumb Code     0  startup_lpc17xx.o(.text)
    EINT3_IRQHandler                         0x0000023b   Thumb Code     0  startup_lpc17xx.o(.text)
    ENET_IRQHandler                          0x0000023b   Thumb Code     0  startup_lpc17xx.o(.text)
    I2C0_IRQHandler                          0x0000023b   Thumb Code     0  startup_lpc17xx.o(.text)
    I2C1_IRQHandler                          0x0000023b   Thumb Code     0  startup_lpc17xx.o(.text)
    I2C2_IRQHandler                          0x0000023b   Thumb Code     0  startup_lpc17xx.o(.text)
    I2S_IRQHandler                           0x0000023b   Thumb Code     0  startup_lpc17xx.o(.text)
    MCPWM_IRQHandler                         0x0000023b   Thumb Code     0  startup_lpc17xx.o(.text)
    PLL0_IRQHandler                          0x0000023b   Thumb Code     0  startup_lpc17xx.o(.text)
    PLL1_IRQHandler                          0x0000023b   Thumb Code     0  startup_lpc17xx.o(.text)
    PWM1_IRQHandler                          0x0000023b   Thumb Code     0  startup_lpc17xx.o(.text)
    QEI_IRQHandler                           0x0000023b   Thumb Code     0  startup_lpc17xx.o(.text)
    RIT_IRQHandler                           0x0000023b   Thumb Code     0  startup_lpc17xx.o(.text)
    RTC_IRQHandler                           0x0000023b   Thumb Code     0  startup_lpc17xx.o(.text)
    SPI_IRQHandler                           0x0000023b   Thumb Code     0  startup_lpc17xx.o(.text)
    SSP0_IRQHandler                          0x0000023b   Thumb Code     0  startup_lpc17xx.o(.text)
    SSP1_IRQHandler                          0x0000023b   Thumb Code     0  startup_lpc17xx.o(.text)
    TIMER0_IRQHandler                        0x0000023b   Thumb Code     0  startup_lpc17xx.o(.text)
    TIMER1_IRQHandler                        0x0000023b   Thumb Code     0  startup_lpc17xx.o(.text)
    TIMER2_IRQHandler                        0x0000023b   Thumb Code     0  startup_lpc17xx.o(.text)
    TIMER3_IRQHandler                        0x0000023b   Thumb Code     0  startup_lpc17xx.o(.text)
    UART0_IRQHandler                         0x0000023b   Thumb Code     0  startup_lpc17xx.o(.text)
    UART1_IRQHandler                         0x0000023b   Thumb Code     0  startup_lpc17xx.o(.text)
    UART2_IRQHandler                         0x0000023b   Thumb Code     0  startup_lpc17xx.o(.text)
    UART3_IRQHandler                         0x0000023b   Thumb Code     0  startup_lpc17xx.o(.text)
    USBActivity_IRQHandler                   0x0000023b   Thumb Code     0  startup_lpc17xx.o(.text)
    USB_IRQHandler                           0x0000023b   Thumb Code     0  startup_lpc17xx.o(.text)
    WDT_IRQHandler                           0x0000023b   Thumb Code     0  startup_lpc17xx.o(.text)
    __aeabi_uidiv                            0x00000245   Thumb Code     0  uidiv.o(.text)
    __aeabi_uidivmod                         0x00000245   Thumb Code    44  uidiv.o(.text)
    __scatterload                            0x00000271   Thumb Code    28  init.o(.text)
    __scatterload_rt2                        0x00000271   Thumb Code     0  init.o(.text)
    SVC_Count                                0x00000294   Data           4  svc_table.o(SVC_TABLE)
    GPIO_PinRead                             0x00000299   Thumb Code    28  gpio_lpc17xx.o(i.GPIO_PinRead)
    SVC_Table                                0x00000298   Data           0  svc_table.o(SVC_TABLE)
    GPIO_PinWrite                            0x000002b9   Thumb Code    36  gpio_lpc17xx.o(i.GPIO_PinWrite)
    __scatterload_copy                       0x000002e1   Thumb Code    14  handlers.o(i.__scatterload_copy)
    __scatterload_null                       0x000002ef   Thumb Code     2  handlers.o(i.__scatterload_null)
    osTimerCall                              0x000002f1   Thumb Code     8  rt_cmsis.o(i.osTimerCall)
    GPIO_PortClock                           0x00000301   Thumb Code    38  gpio_lpc17xx.o(i.GPIO_PortClock)
    GPIO_SetDir                              0x0000032d   Thumb Code    52  gpio_lpc17xx.o(i.GPIO_SetDir)
    ITM_SendChar                             0x00000365   Thumb Code    42  retarget_io.o(i.ITM_SendChar)
    Joystick_GetState                        0x00000395   Thumb Code    88  joystick_mcb1700.o(i.Joystick_GetState)
    LED_Initialize                           0x000003f1   Thumb Code    88  led_mcb1700.o(i.LED_Initialize)
    LED_Off                                  0x0000044d   Thumb Code    40  led_mcb1700.o(i.LED_Off)
    LED_On                                   0x00000479   Thumb Code    40  led_mcb1700.o(i.LED_On)
    __RL_RTX_VER                             0x00000482   Number         0  rt_system.o ABSOLUTE
    P1                                       0x000004a5   Thumb Code    52  priority_in.o(i.P1)
    P2                                       0x000004dd   Thumb Code    96  priority_in.o(i.P2)
    P3                                       0x0000057d   Thumb Code   236  priority_in.o(i.P3)
    PIN_Configure                            0x000006ed   Thumb Code   246  pin_lpc17xx.o(i.PIN_Configure)
    SystemInit                               0x000007e9   Thumb Code   302  system_lpc17xx.o(i.SystemInit)
    __0printf$1                              0x00000929   Thumb Code    22  printf1.o(i.__0printf$1)
    __1printf$1                              0x00000929   Thumb Code     0  printf1.o(i.__0printf$1)
    __2printf                                0x00000929   Thumb Code     0  printf1.o(i.__0printf$1)
    __scatterload_zeroinit                   0x00000949   Thumb Code    14  handlers.o(i.__scatterload_zeroinit)
    _init_box                                0x00000957   Thumb Code    70  rt_membox.o(i._init_box)
    dbg_init                                 0x00000af1   Thumb Code    34  hal_cm.o(i.dbg_init)
    dbg_task_notify                          0x00000b21   Thumb Code    32  hal_cm.o(i.dbg_task_notify)
    dbg_task_switch                          0x00000b41   Thumb Code    16  hal_cm.o(i.dbg_task_switch)
    delay                                    0x00000b51   Thumb Code    18  priority_in.o(i.delay)
    fputc                                    0x00000b69   Thumb Code    40  retarget_io.o(i.fputc)
    isrMessageGet                            0x00000b99   Thumb Code    42  rt_cmsis.o(i.isrMessageGet)
    isrMessagePut                            0x00000bc3   Thumb Code    44  rt_cmsis.o(i.isrMessagePut)
    isrSemaphoreRelease                      0x00000bef   Thumb Code    40  rt_cmsis.o(i.isrSemaphoreRelease)
    isrSignalSet                             0x00000c17   Thumb Code    36  rt_cmsis.o(i.isrSignalSet)
    isr_evt_set                              0x00000c3d   Thumb Code    34  rt_event.o(i.isr_evt_set)
    isr_mbx_receive                          0x00000c65   Thumb Code    86  rt_mailbox.o(i.isr_mbx_receive)
    isr_mbx_send                             0x00000cbb   Thumb Code    14  rt_mailbox.o(i.isr_mbx_send)
    isr_sem_send                             0x00000cc9   Thumb Code    16  rt_semaphore.o(i.isr_sem_send)
    main                                     0x00000cd9   Thumb Code   124  priority_in.o(i.main)
    osDelay                                  0x00000da5   Thumb Code    18  rt_cmsis.o(i.osDelay)
    osKernelInitialize                       0x00000dbd   Thumb Code    30  rt_cmsis.o(i.osKernelInitialize)
    osKernelStart                            0x00000de1   Thumb Code    98  rt_cmsis.o(i.osKernelStart)
    osMessageGet                             0x00000e4d   Thumb Code    18  rt_cmsis.o(i.osMessageGet)
    osMutexCreate                            0x00000e65   Thumb Code    36  rt_cmsis.o(i.osMutexCreate)
    osMutexRelease                           0x00000e91   Thumb Code    18  rt_cmsis.o(i.osMutexRelease)
    osMutexWait                              0x00000ea9   Thumb Code    18  rt_cmsis.o(i.osMutexWait)
    osSemaphoreCreate                        0x00000ec1   Thumb Code    36  rt_cmsis.o(i.osSemaphoreCreate)
    osSemaphoreRelease                       0x00000eed   Thumb Code    18  rt_cmsis.o(i.osSemaphoreRelease)
    osSemaphoreWait                          0x00000f05   Thumb Code    20  rt_cmsis.o(i.osSemaphoreWait)
    osSignalSet                              0x00000f1d   Thumb Code    18  rt_cmsis.o(i.osSignalSet)
    osSignalWait                             0x00000f35   Thumb Code    18  rt_cmsis.o(i.osSignalWait)
    osThreadCreate                           0x00000f4d   Thumb Code    36  rt_cmsis.o(i.osThreadCreate)
    osThreadExit                             0x00000f79   Thumb Code    14  rt_cmsis.o(i.osThreadExit)
    osThreadGetId                            0x00000f91   Thumb Code    18  rt_cmsis.o(i.osThreadGetId)
    osThreadSetPriority                      0x00000fa9   Thumb Code    18  rt_cmsis.o(i.osThreadSetPriority)
    osThreadTerminate                        0x00000fc1   Thumb Code    18  rt_cmsis.o(i.osThreadTerminate)
    osTimerThread                            0x00000fd9   Thumb Code    38  rt_cmsis.o(i.osTimerThread)
    os_error                                 0x00001005   Thumb Code    34  rtx_conf_cm.o(i.os_error)
    os_idle_demon                            0x00001027   Thumb Code     4  rtx_conf_cm.o(i.os_idle_demon)
    os_tick_init                             0x0000102d   Thumb Code    32  rt_system.o(i.os_tick_init)
    os_tick_irqack                           0x00001055   Thumb Code     2  rt_system.o(i.os_tick_irqack)
    rt_alloc_box                             0x00001057   Thumb Code    26  rt_membox.o(i.rt_alloc_box)
    rt_alloc_mem                             0x00001071   Thumb Code    62  rt_memory.o(i.rt_alloc_mem)
    rt_block                                 0x000010b1   Thumb Code    48  rt_task.o(i.rt_block)
    rt_chk_robin                             0x000010e9   Thumb Code    60  rt_robin.o(i.rt_chk_robin)
    rt_dec_dly                               0x00001131   Thumb Code   102  rt_list.o(i.rt_dec_dly)
    rt_dispatch                              0x000011a1   Thumb Code    60  rt_task.o(i.rt_dispatch)
    rt_dly_wait                              0x000011e5   Thumb Code     6  rt_time.o(i.rt_dly_wait)
    rt_evt_psh                               0x000011ed   Thumb Code    76  rt_event.o(i.rt_evt_psh)
    rt_evt_set                               0x0000123d   Thumb Code    88  rt_event.o(i.rt_evt_set)
    rt_evt_wait                              0x00001299   Thumb Code    56  rt_event.o(i.rt_evt_wait)
    rt_free_box                              0x000012d5   Thumb Code    44  rt_membox.o(i.rt_free_box)
    rt_free_mem                              0x00001301   Thumb Code    40  rt_memory.o(i.rt_free_mem)
    rt_get_first                             0x00001329   Thumb Code    40  rt_list.o(i.rt_get_first)
    rt_init_mem                              0x000013a1   Thumb Code    26  rt_memory.o(i.rt_init_mem)
    rt_init_robin                            0x000013bd   Thumb Code    14  rt_robin.o(i.rt_init_robin)
    rt_init_stack                            0x000013d5   Thumb Code   118  hal_cm.o(i.rt_init_stack)
    rt_mbx_check                             0x00001455   Thumb Code     8  rt_mailbox.o(i.rt_mbx_check)
    rt_mbx_init                              0x0000145d   Thumb Code    26  rt_mailbox.o(i.rt_mbx_init)
    rt_mbx_psh                               0x00001479   Thumb Code   236  rt_mailbox.o(i.rt_mbx_psh)
    rt_mbx_wait                              0x00001569   Thumb Code   174  rt_mailbox.o(i.rt_mbx_wait)
    rt_mut_init                              0x00001661   Thumb Code    16  rt_mutex.o(i.rt_mut_init)
    rt_mut_release                           0x00001671   Thumb Code   208  rt_mutex.o(i.rt_mut_release)
    rt_mut_wait                              0x00001749   Thumb Code   114  rt_mutex.o(i.rt_mut_wait)
    rt_pop_req                               0x000017c1   Thumb Code   112  rt_system.o(i.rt_pop_req)
    rt_psh_req                               0x0000183d   Thumb Code    22  rt_system.o(i.rt_psh_req)
    rt_psq_enq                               0x0000185d   Thumb Code    88  rt_list.o(i.rt_psq_enq)
    rt_put_dly                               0x000018b9   Thumb Code    68  rt_list.o(i.rt_put_dly)
    rt_put_prio                              0x00001901   Thumb Code    54  rt_list.o(i.rt_put_prio)
    rt_put_rdy_first                         0x00001939   Thumb Code    14  rt_list.o(i.rt_put_rdy_first)
    rt_resort_prio                           0x0000194d   Thumb Code    46  rt_list.o(i.rt_resort_prio)
    rt_ret_val                               0x00001981   Thumb Code     6  hal_cm.o(i.rt_ret_val)
    rt_ret_val2                              0x00001987   Thumb Code     8  hal_cm.o(i.rt_ret_val2)
    rt_rmv_dly                               0x0000198f   Thumb Code    40  rt_list.o(i.rt_rmv_dly)
    rt_rmv_list                              0x000019b9   Thumb Code    44  rt_list.o(i.rt_rmv_list)
    rt_sem_init                              0x000019e9   Thumb Code    12  rt_semaphore.o(i.rt_sem_init)
    rt_sem_psh                               0x000019f5   Thumb Code    48  rt_semaphore.o(i.rt_sem_psh)
    rt_sem_send                              0x00001a29   Thumb Code    42  rt_semaphore.o(i.rt_sem_send)
    rt_sem_wait                              0x00001a55   Thumb Code    58  rt_semaphore.o(i.rt_sem_wait)
    rt_stk_check                             0x00001a95   Thumb Code    28  rt_system.o(i.rt_stk_check)
    rt_switch_req                            0x00001ab9   Thumb Code    30  rt_task.o(i.rt_switch_req)
    rt_sys_init                              0x00001ae1   Thumb Code   138  rt_task.o(i.rt_sys_init)
    rt_sys_start                             0x00001bad   Thumb Code   110  rt_task.o(i.rt_sys_start)
    rt_systick                               0x00001c25   Thumb Code    50  rt_system.o(i.rt_systick)
    rt_tsk_create                            0x00001cad   Thumb Code   118  rt_task.o(i.rt_tsk_create)
    rt_tsk_delete                            0x00001d35   Thumb Code   352  rt_task.o(i.rt_tsk_delete)
    rt_tsk_prio                              0x00001eb1   Thumb Code   108  rt_task.o(i.rt_tsk_prio)
    rt_tsk_self                              0x00001f2d   Thumb Code    12  rt_task.o(i.rt_tsk_self)
    svcDelay                                 0x00001f55   Thumb Code    18  rt_cmsis.o(i.svcDelay)
    svcKernelInitialize                      0x00001f69   Thumb Code    80  rt_cmsis.o(i.svcKernelInitialize)
    svcKernelStart                           0x00001fd9   Thumb Code    62  rt_cmsis.o(i.svcKernelStart)
    svcMessageCreate                         0x00002021   Thumb Code    36  rt_cmsis.o(i.svcMessageCreate)
    svcMessageGet                            0x00002045   Thumb Code    58  rt_cmsis.o(i.svcMessageGet)
    svcMutexCreate                           0x0000207f   Thumb Code    28  rt_cmsis.o(i.svcMutexCreate)
    svcMutexRelease                          0x0000209b   Thumb Code    34  rt_cmsis.o(i.svcMutexRelease)
    svcMutexWait                             0x000020bd   Thumb Code    58  rt_cmsis.o(i.svcMutexWait)
    svcSemaphoreCreate                       0x000020f7   Thumb Code    36  rt_cmsis.o(i.svcSemaphoreCreate)
    svcSemaphoreRelease                      0x0000211b   Thumb Code    40  rt_cmsis.o(i.svcSemaphoreRelease)
    svcSemaphoreWait                         0x00002143   Thumb Code    50  rt_cmsis.o(i.svcSemaphoreWait)
    svcSignalSet                             0x00002175   Thumb Code    36  rt_cmsis.o(i.svcSignalSet)
    svcSignalWait                            0x00002199   Thumb Code    80  rt_cmsis.o(i.svcSignalWait)
    svcThreadCreate                          0x000021ed   Thumb Code    96  rt_cmsis.o(i.svcThreadCreate)
    svcThreadGetId                           0x00002259   Thumb Code    22  rt_cmsis.o(i.svcThreadGetId)
    svcThreadSetPriority                     0x00002275   Thumb Code    46  rt_cmsis.o(i.svcThreadSetPriority)
    svcThreadTerminate                       0x000022a5   Thumb Code    50  rt_cmsis.o(i.svcThreadTerminate)
    svcTimerCall                             0x000022dd   Thumb Code    24  rt_cmsis.o(i.svcTimerCall)
    sysTimerTick                             0x000022f5   Thumb Code    84  rt_cmsis.o(i.sysTimerTick)
    os_thread_def_P1                         0x00002350   Data          16  priority_in.o(.constdata)
    os_thread_def_P2                         0x00002360   Data          16  priority_in.o(.constdata)
    os_thread_def_P3                         0x00002370   Data          16  priority_in.o(.constdata)
    os_mutex_def_SampleMutex                 0x00002380   Data           4  priority_in.o(.constdata)
    os_semaphore_def_SampleSemaphore         0x00002384   Data           4  priority_in.o(.constdata)
    os_maxtaskrun                            0x000023a4   Data           2  rtx_conf_cm.o(.constdata)
    os_stackinfo                             0x000023a8   Data           4  rtx_conf_cm.o(.constdata)
    os_rrobin                                0x000023ac   Data           4  rtx_conf_cm.o(.constdata)
    os_tickfreq                              0x000023b0   Data           4  rtx_conf_cm.o(.constdata)
    os_tickus_i                              0x000023b4   Data           2  rtx_conf_cm.o(.constdata)
    os_tickus_f                              0x000023b6   Data           2  rtx_conf_cm.o(.constdata)
    os_trv                                   0x000023b8   Data           4  rtx_conf_cm.o(.constdata)
    os_flags                                 0x000023bc   Data           1  rtx_conf_cm.o(.constdata)
    CMSIS_RTOS_API_Version                   0x000023c0   Data           4  rtx_conf_cm.o(.constdata)
    CMSIS_RTOS_RTX_Version                   0x000023c4   Data           4  rtx_conf_cm.o(.constdata)
    os_clockrate                             0x000023c8   Data           4  rtx_conf_cm.o(.constdata)
    os_timernum                              0x000023cc   Data           4  rtx_conf_cm.o(.constdata)
    mp_tcb_size                              0x000023d0   Data           2  rtx_conf_cm.o(.constdata)
    mp_stk_size                              0x000023d4   Data           4  rtx_conf_cm.o(.constdata)
    os_stack_sz                              0x000023d8   Data           4  rtx_conf_cm.o(.constdata)
    os_fifo_size                             0x000023dc   Data           1  rtx_conf_cm.o(.constdata)
    os_thread_def_osTimerThread              0x000023e0   Data          16  rtx_conf_cm.o(.constdata)
    os_messageQ_def_osTimerMessageQ          0x000023f0   Data           8  rtx_conf_cm.o(.constdata)
    mp_tmr_size                              0x000023f8   Data           2  rtx_conf_cm.o(.constdata)
    os_thread_def_main                       0x000023fc   Data          16  rtx_conf_cm.o(.constdata)
    Region$$Table$$Base                      0x0000240c   Number         0  anon$$obj.o(Region$$Table)
    Region$$Table$$Limit                     0x0000242c   Number         0  anon$$obj.o(Region$$Table)
    semaphore                                0x10000000   Data           1  priority_in.o(.data)
    t_main                                   0x10000004   Data           4  priority_in.o(.data)
    t_P1                                     0x10000008   Data           4  priority_in.o(.data)
    t_P2                                     0x1000000c   Data           4  priority_in.o(.data)
    t_P3                                     0x10000010   Data           4  priority_in.o(.data)
    mid_Thread_Mutex                         0x10000014   Data           4  priority_in.o(.data)
    sid_Thread_Semaphore                     0x10000018   Data           4  priority_in.o(.data)
    os_semaphore_cb_SampleSemaphore          0x1000001c   Data           8  priority_in.o(.data)
    osThreadId_osTimerThread                 0x10000024   Data           4  rtx_conf_cm.o(.data)
    osMessageQId_osTimerMessageQ             0x10000028   Data           4  rtx_conf_cm.o(.data)
    os_tmr                                   0x1000002c   Data           4  rtx_conf_cm.o(.data)
    m_tmr                                    0x10000030   Data           4  rtx_conf_cm.o(.data)
    os_initialized                           0x10000034   Data           1  rt_cmsis.o(.data)
    os_running                               0x10000035   Data           1  rt_cmsis.o(.data)
    os_timer_head                            0x10000038   Data           4  rt_cmsis.o(.data)
    os_tsk                                   0x1000003c   Data           8  rt_task.o(.data)
    os_tick_irqn                             0x10000048   Data           4  rt_system.o(.data)
    os_time                                  0x1000004c   Data           4  rt_time.o(.data)
    dbg_msg                                  0x10000050   Data           1  hal_cm.o(.data)
    os_robin                                 0x10000054   Data           8  rt_robin.o(.data)
    __stdout                                 0x1000005c   Data           4  stdout.o(.data)
    __stderr                                 0x10000060   Data           4  stderr.o(.data)
    os_mutex_cb_SampleMutex                  0x10000064   Data          16  priority_in.o(.bss)
    mp_tcb                                   0x10000078   Data         376  rtx_conf_cm.o(.bss)
    mp_stk                                   0x100001f0   Data        1216  rtx_conf_cm.o(.bss)
    os_stack_mem                             0x100006b0   Data         432  rtx_conf_cm.o(.bss)
    os_fifo                                  0x10000860   Data         132  rtx_conf_cm.o(.bss)
    os_active_TCB                            0x100008e4   Data          28  rtx_conf_cm.o(.bss)
    os_messageQ_q_osTimerMessageQ            0x10000900   Data          32  rtx_conf_cm.o(.bss)
    os_idle_TCB                              0x10000920   Data          52  rt_task.o(.bss)
    os_rdy                                   0x10000954   Data          24  rt_list.o(.bss)
    os_dly                                   0x1000096c   Data          24  rt_list.o(.bss)
    __initial_sp                             0x10000b88   Data           0  startup_lpc17xx.o(STACK)



==============================================================================

Memory Map of the image

  Image Entry point : 0x00000221

  Load Region LR_1 (Base: 0x00000000, Size: 0x00002490, Max: 0xffffffff, ABSOLUTE)

    Execution Region ER_RO (Exec base: 0x00000000, Load base: 0x00000000, Size: 0x0000242c, Max: 0xffffffff, ABSOLUTE)

    Exec Addr    Load Addr    Size         Type   Attr      Idx    E Section Name        Object

    0x00000000   0x00000000   0x000000cc   Data   RO          411    RESET               startup_lpc17xx.o
    0x000000cc   0x000000cc   0x00000000   Code   RO         1666  * .ARM.Collect$$$$00000000  mc_w.l(entry.o)
    0x000000cc   0x000000cc   0x00000004   Code   RO         1939    .ARM.Collect$$$$00000001  mc_w.l(entry2.o)
    0x000000d0   0x000000d0   0x00000004   Code   RO         1942    .ARM.Collect$$$$00000004  mc_w.l(entry5.o)
    0x000000d4   0x000000d4   0x00000000   Code   RO         1944    .ARM.Collect$$$$00000008  mc_w.l(entry7b.o)
    0x000000d4   0x000000d4   0x00000000   Code   RO         1946    .ARM.Collect$$$$0000000A  mc_w.l(entry8b.o)
    0x000000d4   0x000000d4   0x00000000   Code   RO         1947    .ARM.Collect$$$$0000000D  mc_w.l(entry10a.o)
    0x000000d4   0x000000d4   0x00000000   Code   RO         1949    .ARM.Collect$$$$0000000F  mc_w.l(entry11a.o)
    0x000000d4   0x000000d4   0x00000018   Code   RO          201    .ARM.Collect$$$$000000FF  rtx_conf_cm.o
    0x000000ec   0x000000ec   0x00000004   Code   RO         1940    .ARM.Collect$$$$00002712  mc_w.l(entry2.o)
    0x000000f0   0x000000f0   0x00000130   Code   RO         1653    .emb_text           RTX_CM3.lib(hal_cm3.o)
    0x00000220   0x00000220   0x00000024   Code   RO          413  * .text               startup_lpc17xx.o
    0x00000244   0x00000244   0x0000002c   Code   RO         1951    .text               mc_w.l(uidiv.o)
    0x00000270   0x00000270   0x00000024   Code   RO         1968    .text               mc_w.l(init.o)
    0x00000294   0x00000294   0x00000004   Code   RO         1663    SVC_TABLE           RTX_CM3.lib(svc_table.o)
    0x00000298   0x00000298   0x00000020   Code   RO          322    i.GPIO_PinRead      gpio_lpc17xx.o
    0x000002b8   0x000002b8   0x00000028   Code   RO          323    i.GPIO_PinWrite     gpio_lpc17xx.o
    0x000002e0   0x000002e0   0x0000000e   Code   RO         1976    i.__scatterload_copy  mc_w.l(handlers.o)
    0x000002ee   0x000002ee   0x00000002   Code   RO         1977    i.__scatterload_null  mc_w.l(handlers.o)
    0x000002f0   0x000002f0   0x0000000c   Code   RO          498    i.osTimerCall       RTX_CM3.lib(rt_cmsis.o)
    0x000002fc   0x000002fc   0x00000004   Code   RO          412    .ARM.__at_0x02FC    startup_lpc17xx.o
    0x00000300   0x00000300   0x0000002c   Code   RO          324    i.GPIO_PortClock    gpio_lpc17xx.o
    0x0000032c   0x0000032c   0x00000038   Code   RO          327    i.GPIO_SetDir       gpio_lpc17xx.o
    0x00000364   0x00000364   0x00000030   Code   RO          237    i.ITM_SendChar      retarget_io.o
    0x00000394   0x00000394   0x0000005c   Code   RO           80    i.Joystick_GetState  joystick_mcb1700.o
    0x000003f0   0x000003f0   0x0000005c   Code   RO          149    i.LED_Initialize    led_mcb1700.o
    0x0000044c   0x0000044c   0x0000002c   Code   RO          150    i.LED_Off           led_mcb1700.o
    0x00000478   0x00000478   0x0000002c   Code   RO          151    i.LED_On            led_mcb1700.o
    0x000004a4   0x000004a4   0x00000038   Code   RO            1    i.P1                priority_in.o
    0x000004dc   0x000004dc   0x000000a0   Code   RO            2    i.P2                priority_in.o
    0x0000057c   0x0000057c   0x00000170   Code   RO            3    i.P3                priority_in.o
    0x000006ec   0x000006ec   0x000000fc   Code   RO          376    i.PIN_Configure     pin_lpc17xx.o
    0x000007e8   0x000007e8   0x00000140   Code   RO          423    i.SystemInit        system_lpc17xx.o
    0x00000928   0x00000928   0x00000020   Code   RO         1723    i.__0printf$1       mc_w.l(printf1.o)
    0x00000948   0x00000948   0x0000000e   Code   RO         1978    i.__scatterload_zeroinit  mc_w.l(handlers.o)
    0x00000956   0x00000956   0x00000046   Code   RO         1531    i._init_box         RTX_CM3.lib(rt_membox.o)
    0x0000099c   0x0000099c   0x00000154   Code   RO         1730    i._printf_core      mc_w.l(printf1.o)
    0x00000af0   0x00000af0   0x00000030   Code   RO         1584    i.dbg_init          RTX_CM3.lib(hal_cm.o)
    0x00000b20   0x00000b20   0x00000020   Code   RO         1585    i.dbg_task_notify   RTX_CM3.lib(hal_cm.o)
    0x00000b40   0x00000b40   0x00000010   Code   RO         1586    i.dbg_task_switch   RTX_CM3.lib(hal_cm.o)
    0x00000b50   0x00000b50   0x00000018   Code   RO            4    i.delay             priority_in.o
    0x00000b68   0x00000b68   0x00000030   Code   RO          242    i.fputc             retarget_io.o
    0x00000b98   0x00000b98   0x0000002a   Code   RO          458    i.isrMessageGet     RTX_CM3.lib(rt_cmsis.o)
    0x00000bc2   0x00000bc2   0x0000002c   Code   RO          459    i.isrMessagePut     RTX_CM3.lib(rt_cmsis.o)
    0x00000bee   0x00000bee   0x00000028   Code   RO          460    i.isrSemaphoreRelease  RTX_CM3.lib(rt_cmsis.o)
    0x00000c16   0x00000c16   0x00000024   Code   RO          461    i.isrSignalSet      RTX_CM3.lib(rt_cmsis.o)
    0x00000c3a   0x00000c3a   0x00000002   PAD
    0x00000c3c   0x00000c3c   0x00000028   Code   RO         1255    i.isr_evt_set       RTX_CM3.lib(rt_event.o)
    0x00000c64   0x00000c64   0x00000056   Code   RO         1377    i.isr_mbx_receive   RTX_CM3.lib(rt_mailbox.o)
    0x00000cba   0x00000cba   0x0000000e   Code   RO         1378    i.isr_mbx_send      RTX_CM3.lib(rt_mailbox.o)
    0x00000cc8   0x00000cc8   0x00000010   Code   RO         1425    i.isr_sem_send      RTX_CM3.lib(rt_semaphore.o)
    0x00000cd8   0x00000cd8   0x000000cc   Code   RO            5    i.main              priority_in.o
    0x00000da4   0x00000da4   0x00000018   Code   RO          462    i.osDelay           RTX_CM3.lib(rt_cmsis.o)
    0x00000dbc   0x00000dbc   0x00000024   Code   RO          463    i.osKernelInitialize  RTX_CM3.lib(rt_cmsis.o)
    0x00000de0   0x00000de0   0x0000006c   Code   RO          465    i.osKernelStart     RTX_CM3.lib(rt_cmsis.o)
    0x00000e4c   0x00000e4c   0x00000018   Code   RO          474    i.osMessageGet      RTX_CM3.lib(rt_cmsis.o)
    0x00000e64   0x00000e64   0x0000002c   Code   RO          476    i.osMutexCreate     RTX_CM3.lib(rt_cmsis.o)
    0x00000e90   0x00000e90   0x00000018   Code   RO          478    i.osMutexRelease    RTX_CM3.lib(rt_cmsis.o)
    0x00000ea8   0x00000ea8   0x00000018   Code   RO          479    i.osMutexWait       RTX_CM3.lib(rt_cmsis.o)
    0x00000ec0   0x00000ec0   0x0000002c   Code   RO          484    i.osSemaphoreCreate  RTX_CM3.lib(rt_cmsis.o)
    0x00000eec   0x00000eec   0x00000018   Code   RO          486    i.osSemaphoreRelease  RTX_CM3.lib(rt_cmsis.o)
    0x00000f04   0x00000f04   0x00000018   Code   RO          487    i.osSemaphoreWait   RTX_CM3.lib(rt_cmsis.o)
    0x00000f1c   0x00000f1c   0x00000018   Code   RO          489    i.osSignalSet       RTX_CM3.lib(rt_cmsis.o)
    0x00000f34   0x00000f34   0x00000018   Code   RO          490    i.osSignalWait      RTX_CM3.lib(rt_cmsis.o)
    0x00000f4c   0x00000f4c   0x0000002c   Code   RO          491    i.osThreadCreate    RTX_CM3.lib(rt_cmsis.o)
    0x00000f78   0x00000f78   0x00000018   Code   RO          492    i.osThreadExit      RTX_CM3.lib(rt_cmsis.o)
    0x00000f90   0x00000f90   0x00000018   Code   RO          493    i.osThreadGetId     RTX_CM3.lib(rt_cmsis.o)
    0x00000fa8   0x00000fa8   0x00000018   Code   RO          495    i.osThreadSetPriority  RTX_CM3.lib(rt_cmsis.o)
    0x00000fc0   0x00000fc0   0x00000018   Code   RO          496    i.osThreadTerminate  RTX_CM3.lib(rt_cmsis.o)
    0x00000fd8   0x00000fd8   0x0000002c   Code   RO          503    i.osTimerThread     RTX_CM3.lib(rt_cmsis.o)
    0x00001004   0x00001004   0x00000022   Code   RO          202    i.os_error          rtx_conf_cm.o
    0x00001026   0x00001026   0x00000004   Code   RO          203    i.os_idle_demon     rtx_conf_cm.o
    0x0000102a   0x0000102a   0x00000002   PAD
    0x0000102c   0x0000102c   0x00000028   Code   RO         1165    i.os_tick_init      RTX_CM3.lib(rt_system.o)
    0x00001054   0x00001054   0x00000002   Code   RO         1166    i.os_tick_irqack    RTX_CM3.lib(rt_system.o)
    0x00001056   0x00001056   0x0000001a   Code   RO         1532    i.rt_alloc_box      RTX_CM3.lib(rt_membox.o)
    0x00001070   0x00001070   0x0000003e   Code   RO         1560    i.rt_alloc_mem      RTX_CM3.lib(rt_memory.o)
    0x000010ae   0x000010ae   0x00000002   PAD
    0x000010b0   0x000010b0   0x00000038   Code   RO         1080    i.rt_block          RTX_CM3.lib(rt_task.o)
    0x000010e8   0x000010e8   0x00000048   Code   RO         1632    i.rt_chk_robin      RTX_CM3.lib(rt_robin.o)
    0x00001130   0x00001130   0x00000070   Code   RO         1301    i.rt_dec_dly        RTX_CM3.lib(rt_list.o)
    0x000011a0   0x000011a0   0x00000044   Code   RO         1081    i.rt_dispatch       RTX_CM3.lib(rt_task.o)
    0x000011e4   0x000011e4   0x00000006   Code   RO         1467    i.rt_dly_wait       RTX_CM3.lib(rt_time.o)
    0x000011ea   0x000011ea   0x00000002   PAD
    0x000011ec   0x000011ec   0x00000050   Code   RO         1258    i.rt_evt_psh        RTX_CM3.lib(rt_event.o)
    0x0000123c   0x0000123c   0x0000005c   Code   RO         1259    i.rt_evt_set        RTX_CM3.lib(rt_event.o)
    0x00001298   0x00001298   0x0000003c   Code   RO         1260    i.rt_evt_wait       RTX_CM3.lib(rt_event.o)
    0x000012d4   0x000012d4   0x0000002c   Code   RO         1533    i.rt_free_box       RTX_CM3.lib(rt_membox.o)
    0x00001300   0x00001300   0x00000028   Code   RO         1561    i.rt_free_mem       RTX_CM3.lib(rt_memory.o)
    0x00001328   0x00001328   0x00000028   Code   RO         1302    i.rt_get_first      RTX_CM3.lib(rt_list.o)
    0x00001350   0x00001350   0x00000008   Code   RO          508    i.rt_id2obj         RTX_CM3.lib(rt_cmsis.o)
    0x00001358   0x00001358   0x00000048   Code   RO         1082    i.rt_init_context   RTX_CM3.lib(rt_task.o)
    0x000013a0   0x000013a0   0x0000001a   Code   RO         1562    i.rt_init_mem       RTX_CM3.lib(rt_memory.o)
    0x000013ba   0x000013ba   0x00000002   PAD
    0x000013bc   0x000013bc   0x00000018   Code   RO         1633    i.rt_init_robin     RTX_CM3.lib(rt_robin.o)
    0x000013d4   0x000013d4   0x00000080   Code   RO         1587    i.rt_init_stack     RTX_CM3.lib(hal_cm.o)
    0x00001454   0x00001454   0x00000008   Code   RO         1379    i.rt_mbx_check      RTX_CM3.lib(rt_mailbox.o)
    0x0000145c   0x0000145c   0x0000001a   Code   RO         1380    i.rt_mbx_init       RTX_CM3.lib(rt_mailbox.o)
    0x00001476   0x00001476   0x00000002   PAD
    0x00001478   0x00001478   0x000000f0   Code   RO         1381    i.rt_mbx_psh        RTX_CM3.lib(rt_mailbox.o)
    0x00001568   0x00001568   0x000000b4   Code   RO         1383    i.rt_mbx_wait       RTX_CM3.lib(rt_mailbox.o)
    0x0000161c   0x0000161c   0x00000044   Code   RO          509    i.rt_ms2tick        RTX_CM3.lib(rt_cmsis.o)
    0x00001660   0x00001660   0x00000010   Code   RO         1501    i.rt_mut_init       RTX_CM3.lib(rt_mutex.o)
    0x00001670   0x00001670   0x000000d8   Code   RO         1502    i.rt_mut_release    RTX_CM3.lib(rt_mutex.o)
    0x00001748   0x00001748   0x00000078   Code   RO         1503    i.rt_mut_wait       RTX_CM3.lib(rt_mutex.o)
    0x000017c0   0x000017c0   0x0000007c   Code   RO         1169    i.rt_pop_req        RTX_CM3.lib(rt_system.o)
    0x0000183c   0x0000183c   0x00000020   Code   RO         1170    i.rt_psh_req        RTX_CM3.lib(rt_system.o)
    0x0000185c   0x0000185c   0x0000005c   Code   RO         1304    i.rt_psq_enq        RTX_CM3.lib(rt_list.o)
    0x000018b8   0x000018b8   0x00000048   Code   RO         1305    i.rt_put_dly        RTX_CM3.lib(rt_list.o)
    0x00001900   0x00001900   0x00000036   Code   RO         1306    i.rt_put_prio       RTX_CM3.lib(rt_list.o)
    0x00001936   0x00001936   0x00000002   PAD
    0x00001938   0x00001938   0x00000014   Code   RO         1307    i.rt_put_rdy_first  RTX_CM3.lib(rt_list.o)
    0x0000194c   0x0000194c   0x00000034   Code   RO         1308    i.rt_resort_prio    RTX_CM3.lib(rt_list.o)
    0x00001980   0x00001980   0x00000006   Code   RO         1588    i.rt_ret_val        RTX_CM3.lib(hal_cm.o)
    0x00001986   0x00001986   0x00000008   Code   RO         1589    i.rt_ret_val2       RTX_CM3.lib(hal_cm.o)
    0x0000198e   0x0000198e   0x00000028   Code   RO         1309    i.rt_rmv_dly        RTX_CM3.lib(rt_list.o)
    0x000019b6   0x000019b6   0x00000002   PAD
    0x000019b8   0x000019b8   0x00000030   Code   RO         1310    i.rt_rmv_list       RTX_CM3.lib(rt_list.o)
    0x000019e8   0x000019e8   0x0000000c   Code   RO         1427    i.rt_sem_init       RTX_CM3.lib(rt_semaphore.o)
    0x000019f4   0x000019f4   0x00000034   Code   RO         1428    i.rt_sem_psh        RTX_CM3.lib(rt_semaphore.o)
    0x00001a28   0x00001a28   0x0000002a   Code   RO         1429    i.rt_sem_send       RTX_CM3.lib(rt_semaphore.o)
    0x00001a52   0x00001a52   0x00000002   PAD
    0x00001a54   0x00001a54   0x00000040   Code   RO         1430    i.rt_sem_wait       RTX_CM3.lib(rt_semaphore.o)
    0x00001a94   0x00001a94   0x00000024   Code   RO         1172    i.rt_stk_check      RTX_CM3.lib(rt_system.o)
    0x00001ab8   0x00001ab8   0x00000028   Code   RO         1083    i.rt_switch_req     RTX_CM3.lib(rt_task.o)
    0x00001ae0   0x00001ae0   0x000000cc   Code   RO         1084    i.rt_sys_init       RTX_CM3.lib(rt_task.o)
    0x00001bac   0x00001bac   0x00000078   Code   RO         1085    i.rt_sys_start      RTX_CM3.lib(rt_task.o)
    0x00001c24   0x00001c24   0x00000040   Code   RO         1174    i.rt_systick        RTX_CM3.lib(rt_system.o)
    0x00001c64   0x00001c64   0x00000012   Code   RO          510    i.rt_tid2ptcb       RTX_CM3.lib(rt_cmsis.o)
    0x00001c76   0x00001c76   0x00000002   PAD
    0x00001c78   0x00001c78   0x00000034   Code   RO          511    i.rt_timer_insert   RTX_CM3.lib(rt_cmsis.o)
    0x00001cac   0x00001cac   0x00000088   Code   RO         1086    i.rt_tsk_create     RTX_CM3.lib(rt_task.o)
    0x00001d34   0x00001d34   0x0000017c   Code   RO         1087    i.rt_tsk_delete     RTX_CM3.lib(rt_task.o)
    0x00001eb0   0x00001eb0   0x0000007c   Code   RO         1089    i.rt_tsk_prio       RTX_CM3.lib(rt_task.o)
    0x00001f2c   0x00001f2c   0x00000010   Code   RO         1090    i.rt_tsk_self       RTX_CM3.lib(rt_task.o)
    0x00001f3c   0x00001f3c   0x0000000c   Code   RO          243    i.stderr_putchar    retarget_io.o
    0x00001f48   0x00001f48   0x0000000c   Code   RO          245    i.stdout_putchar    retarget_io.o
    0x00001f54   0x00001f54   0x00000012   Code   RO          513    i.svcDelay          RTX_CM3.lib(rt_cmsis.o)
    0x00001f66   0x00001f66   0x00000002   PAD
    0x00001f68   0x00001f68   0x00000070   Code   RO          514    i.svcKernelInitialize  RTX_CM3.lib(rt_cmsis.o)
    0x00001fd8   0x00001fd8   0x00000048   Code   RO          516    i.svcKernelStart    RTX_CM3.lib(rt_cmsis.o)
    0x00002020   0x00002020   0x00000024   Code   RO          519    i.svcMessageCreate  RTX_CM3.lib(rt_cmsis.o)
    0x00002044   0x00002044   0x0000003a   Code   RO          520    i.svcMessageGet     RTX_CM3.lib(rt_cmsis.o)
    0x0000207e   0x0000207e   0x0000001c   Code   RO          522    i.svcMutexCreate    RTX_CM3.lib(rt_cmsis.o)
    0x0000209a   0x0000209a   0x00000022   Code   RO          524    i.svcMutexRelease   RTX_CM3.lib(rt_cmsis.o)
    0x000020bc   0x000020bc   0x0000003a   Code   RO          525    i.svcMutexWait      RTX_CM3.lib(rt_cmsis.o)
    0x000020f6   0x000020f6   0x00000024   Code   RO          527    i.svcSemaphoreCreate  RTX_CM3.lib(rt_cmsis.o)
    0x0000211a   0x0000211a   0x00000028   Code   RO          529    i.svcSemaphoreRelease  RTX_CM3.lib(rt_cmsis.o)
    0x00002142   0x00002142   0x00000032   Code   RO          530    i.svcSemaphoreWait  RTX_CM3.lib(rt_cmsis.o)
    0x00002174   0x00002174   0x00000024   Code   RO          532    i.svcSignalSet      RTX_CM3.lib(rt_cmsis.o)
    0x00002198   0x00002198   0x00000054   Code   RO          533    i.svcSignalWait     RTX_CM3.lib(rt_cmsis.o)
    0x000021ec   0x000021ec   0x0000006c   Code   RO          534    i.svcThreadCreate   RTX_CM3.lib(rt_cmsis.o)
    0x00002258   0x00002258   0x0000001c   Code   RO          535    i.svcThreadGetId    RTX_CM3.lib(rt_cmsis.o)
    0x00002274   0x00002274   0x0000002e   Code   RO          537    i.svcThreadSetPriority  RTX_CM3.lib(rt_cmsis.o)
    0x000022a2   0x000022a2   0x00000002   PAD
    0x000022a4   0x000022a4   0x00000038   Code   RO          538    i.svcThreadTerminate  RTX_CM3.lib(rt_cmsis.o)
    0x000022dc   0x000022dc   0x00000018   Code   RO          540    i.svcTimerCall      RTX_CM3.lib(rt_cmsis.o)
    0x000022f4   0x000022f4   0x0000005c   Code   RO          549    i.sysTimerTick      RTX_CM3.lib(rt_cmsis.o)
    0x00002350   0x00002350   0x00000038   Data   RO            7    .constdata          priority_in.o
    0x00002388   0x00002388   0x0000000a   Data   RO           83    .constdata          joystick_mcb1700.o
    0x00002392   0x00002392   0x00000010   Data   RO          154    .constdata          led_mcb1700.o
    0x000023a2   0x000023a2   0x00000002   PAD
    0x000023a4   0x000023a4   0x00000068   Data   RO          205    .constdata          rtx_conf_cm.o
    0x0000240c   0x0000240c   0x00000020   Data   RO         1974    Region$$Table       anon$$obj.o


    Execution Region ER_RW (Exec base: 0x10000000, Load base: 0x0000242c, Size: 0x00000064, Max: 0xffffffff, ABSOLUTE)

    Exec Addr    Load Addr    Size         Type   Attr      Idx    E Section Name        Object

    0x10000000   0x0000242c   0x00000024   Data   RW            8    .data               priority_in.o
    0x10000024   0x00002450   0x00000010   Data   RW          206    .data               rtx_conf_cm.o
    0x10000034   0x00002460   0x00000008   Data   RW          552    .data               RTX_CM3.lib(rt_cmsis.o)
    0x1000003c   0x00002468   0x00000008   Data   RW         1092    .data               RTX_CM3.lib(rt_task.o)
    0x10000044   0x00002470   0x00000008   Data   RW         1177    .data               RTX_CM3.lib(rt_system.o)
    0x1000004c   0x00002478   0x00000004   Data   RW         1471    .data               RTX_CM3.lib(rt_time.o)
    0x10000050   0x0000247c   0x00000001   Data   RW         1590    .data               RTX_CM3.lib(hal_cm.o)
    0x10000051   0x0000247d   0x00000003   PAD
    0x10000054   0x00002480   0x00000008   Data   RW         1634    .data               RTX_CM3.lib(rt_robin.o)
    0x1000005c   0x00002488   0x00000004   Data   RW         1674    .data               mc_w.l(stdout.o)
    0x10000060   0x0000248c   0x00000004   Data   RW         1675    .data               mc_w.l(stderr.o)


    Execution Region ER_ZI (Exec base: 0x10000064, Load base: 0x00002490, Size: 0x00000b24, Max: 0xffffffff, ABSOLUTE)

    Exec Addr    Load Addr    Size         Type   Attr      Idx    E Section Name        Object

    0x10000064        -       0x00000010   Zero   RW            6    .bss                priority_in.o
    0x10000074   0x00002490   0x00000004   PAD
    0x10000078        -       0x000008a8   Zero   RW          204    .bss                rtx_conf_cm.o
    0x10000920        -       0x00000034   Zero   RW         1091    .bss                RTX_CM3.lib(rt_task.o)
    0x10000954        -       0x00000030   Zero   RW         1311    .bss                RTX_CM3.lib(rt_list.o)
    0x10000984   0x00002490   0x00000004   PAD
    0x10000988        -       0x00000200   Zero   RW          409    STACK               startup_lpc17xx.o


==============================================================================

Image component sizes


      Code (inc. data)   RO Data    RW Data    ZI Data      Debug   Object Name

       172         18          0          0          0       2442   gpio_lpc17xx.o
        92          4         10          0          0       2524   joystick_mcb1700.o
       180         12         16          0          0       2700   led_mcb1700.o
       252          6          0          0          0        840   pin_lpc17xx.o
       812        286         56         36         16      12497   priority_in.o
       120         14          0          0          0       3547   retarget_io.o
        62          6        104         16       2216       7608   rtx_conf_cm.o
        40         12        204          0        512        980   startup_lpc17xx.o
       320         18          0          0          0        569   system_lpc17xx.o

    ----------------------------------------------------------------------
      2052        376        424         52       2748      33707   Object Totals
         0          0         32          0          0          0   (incl. Generated)
         2          0          2          0          4          0   (incl. Padding)

    ----------------------------------------------------------------------

      Code (inc. data)   RO Data    RW Data    ZI Data      Debug   Library Member Name

       238         24          0          1          0       3244   hal_cm.o
       304         36          0          0          0        756   hal_cm3.o
      1944        216          0          8          0      47470   rt_cmsis.o
       272         18          0          0          0       2606   rt_event.o
       530         34          0          0         48       8157   rt_list.o
       554         10          0          0          0       3889   rt_mailbox.o
       140          0          0          0          0       1889   rt_membox.o
       128          0          0          0          0       2267   rt_memory.o
       352         14          0          0          0       2073   rt_mutex.o
        96         22          0          8          0       1134   rt_robin.o
       186         10          0          0          0       2862   rt_semaphore.o
       298         52          0          8          0       6139   rt_system.o
      1216        174          0          8         52       9537   rt_task.o
         6          0          0          4          0        636   rt_time.o
         4          4          0          0          0        196   svc_table.o
         0          0          0          0          0          0   entry.o
         0          0          0          0          0          0   entry10a.o
         0          0          0          0          0          0   entry11a.o
         8          4          0          0          0          0   entry2.o
         4          0          0          0          0          0   entry5.o
         0          0          0          0          0          0   entry7b.o
         0          0          0          0          0          0   entry8b.o
        30          0          0          0          0          0   handlers.o
        36          8          0          0          0         68   init.o
       372         14          0          0          0        184   printf1.o
         0          0          0          4          0          0   stderr.o
         0          0          0          4          0          0   stdout.o
        44          0          0          0          0         80   uidiv.o

    ----------------------------------------------------------------------
      6784        640          0         48        104      93187   Library Totals
        22          0          0          3          4          0   (incl. Padding)

    ----------------------------------------------------------------------

      Code (inc. data)   RO Data    RW Data    ZI Data      Debug   Library Name

      6268        614          0         37        100      92855   RTX_CM3.lib
       494         26          0          8          0        332   mc_w.l

    ----------------------------------------------------------------------
      6784        640          0         48        104      93187   Library Totals

    ----------------------------------------------------------------------

==============================================================================


      Code (inc. data)   RO Data    RW Data    ZI Data      Debug   

      8836       1016        424        100       2852     120754   Grand Totals
      8836       1016        424        100       2852     120754   ELF Image Totals
      8836       1016        424        100          0          0   ROM Totals

==============================================================================

    Total RO  Size (Code + RO Data)                 9260 (   9.04kB)
    Total RW  Size (RW Data + ZI Data)              2952 (   2.88kB)
    Total ROM Size (Code + RO Data + RW Data)       9360 (   9.14kB)

==============================================================================

